Component: ARM Compiler 5.06 update 1 (build 61) Tool: armlink [4d35a8]

==============================================================================

Section Cross References

    startup_stm32f767xx.o(STACK) refers (Special) to heapauxi.o(.text) for __use_two_region_memory
    startup_stm32f767xx.o(HEAP) refers (Special) to heapauxi.o(.text) for __use_two_region_memory
    startup_stm32f767xx.o(RESET) refers (Special) to heapauxi.o(.text) for __use_two_region_memory
    startup_stm32f767xx.o(RESET) refers to startup_stm32f767xx.o(STACK) for __initial_sp
    startup_stm32f767xx.o(RESET) refers to startup_stm32f767xx.o(.text) for Reset_Handler
    startup_stm32f767xx.o(RESET) refers to stm32f7xx_it.o(i.NMI_Handler) for NMI_Handler
    startup_stm32f767xx.o(RESET) refers to stm32f7xx_it.o(i.HardFault_Handler) for HardFault_Handler
    startup_stm32f767xx.o(RESET) refers to stm32f7xx_it.o(i.MemManage_Handler) for MemManage_Handler
    startup_stm32f767xx.o(RESET) refers to stm32f7xx_it.o(i.BusFault_Handler) for BusFault_Handler
    startup_stm32f767xx.o(RESET) refers to stm32f7xx_it.o(i.UsageFault_Handler) for UsageFault_Handler
    startup_stm32f767xx.o(RESET) refers to stm32f7xx_it.o(i.SVC_Handler) for SVC_Handler
    startup_stm32f767xx.o(RESET) refers to stm32f7xx_it.o(i.DebugMon_Handler) for DebugMon_Handler
    startup_stm32f767xx.o(RESET) refers to stm32f7xx_it.o(i.PendSV_Handler) for PendSV_Handler
    startup_stm32f767xx.o(RESET) refers to stm32f7xx_it.o(i.SysTick_Handler) for SysTick_Handler
    startup_stm32f767xx.o(.text) refers (Special) to heapauxi.o(.text) for __use_two_region_memory
    startup_stm32f767xx.o(.text) refers to system_stm32f7xx.o(i.SystemInit) for SystemInit
    startup_stm32f767xx.o(.text) refers to __main.o(!!!main) for __main
    startup_stm32f767xx.o(.text) refers to startup_stm32f767xx.o(HEAP) for Heap_Mem
    startup_stm32f767xx.o(.text) refers to startup_stm32f767xx.o(STACK) for Stack_Mem
    main.o(i.LTDC_Test) refers to stm32f7xx_hal_gpio.o(i.HAL_GPIO_TogglePin) for HAL_GPIO_TogglePin
    main.o(i.LTDC_Test) refers to stm32f7xx_hal.o(i.HAL_Delay) for HAL_Delay
    main.o(i.LTDC_Test) refers to ltdc.o(i.LTDC_Clear) for LTDC_Clear
    main.o(i.LTDC_Test) refers to lcd.o(i.LCD_ShowString) for LCD_ShowString
    main.o(i.LTDC_Test) refers to main.o(.data) for .data
    main.o(i.LTDC_Test) refers to lcd.o(.data) for POINT_COLOR
    main.o(i.SystemClock_Config) refers to rt_memclr_w.o(.text) for __aeabi_memclr4
    main.o(i.SystemClock_Config) refers to stm32f7xx_hal_pwr.o(i.HAL_PWR_EnableBkUpAccess) for HAL_PWR_EnableBkUpAccess
    main.o(i.SystemClock_Config) refers to stm32f7xx_hal_rcc.o(i.HAL_RCC_OscConfig) for HAL_RCC_OscConfig
    main.o(i.SystemClock_Config) refers to stm32f7xx_hal_pwr_ex.o(i.HAL_PWREx_EnableOverDrive) for HAL_PWREx_EnableOverDrive
    main.o(i.SystemClock_Config) refers to stm32f7xx_hal_rcc.o(i.HAL_RCC_ClockConfig) for HAL_RCC_ClockConfig
    main.o(i.main) refers to stm32f7xx_hal.o(i.HAL_Init) for HAL_Init
    main.o(i.main) refers to main.o(i.SystemClock_Config) for SystemClock_Config
    main.o(i.main) refers to gpio.o(i.MX_GPIO_Init) for MX_GPIO_Init
    main.o(i.main) refers to dma2d.o(i.MX_DMA2D_Init) for MX_DMA2D_Init
    main.o(i.main) refers to fmc.o(i.MX_FMC_Init) for MX_FMC_Init
    main.o(i.main) refers to ltdc.o(i.MX_LTDC_Init) for MX_LTDC_Init
    main.o(i.main) refers to fmc.o(i.SDRAM_Initialization_Sequence) for SDRAM_Initialization_Sequence
    main.o(i.main) refers to lcd.o(i.LCD_Init) for LCD_Init
    main.o(i.main) refers to main.o(i.LTDC_Test) for LTDC_Test
    main.o(i.main) refers to fmc.o(.bss) for hsdram1
    gpio.o(i.MX_GPIO_Init) refers to rt_memclr_w.o(.text) for __aeabi_memclr4
    gpio.o(i.MX_GPIO_Init) refers to stm32f7xx_hal_gpio.o(i.HAL_GPIO_WritePin) for HAL_GPIO_WritePin
    gpio.o(i.MX_GPIO_Init) refers to stm32f7xx_hal_gpio.o(i.HAL_GPIO_Init) for HAL_GPIO_Init
    dma2d.o(i.MX_DMA2D_Init) refers to stm32f7xx_hal_dma2d.o(i.HAL_DMA2D_Init) for HAL_DMA2D_Init
    dma2d.o(i.MX_DMA2D_Init) refers to main.o(i.Error_Handler) for Error_Handler
    dma2d.o(i.MX_DMA2D_Init) refers to stm32f7xx_hal_dma2d.o(i.HAL_DMA2D_ConfigLayer) for HAL_DMA2D_ConfigLayer
    dma2d.o(i.MX_DMA2D_Init) refers to dma2d.o(.bss) for .bss
    fmc.o(i.HAL_FMC_MspInit) refers to rt_memclr_w.o(.text) for __aeabi_memclr4
    fmc.o(i.HAL_FMC_MspInit) refers to stm32f7xx_hal_gpio.o(i.HAL_GPIO_Init) for HAL_GPIO_Init
    fmc.o(i.HAL_FMC_MspInit) refers to fmc.o(.data) for .data
    fmc.o(i.HAL_SDRAM_MspDeInit) refers to stm32f7xx_hal_gpio.o(i.HAL_GPIO_DeInit) for HAL_GPIO_DeInit
    fmc.o(i.HAL_SDRAM_MspDeInit) refers to fmc.o(.data) for .data
    fmc.o(i.HAL_SDRAM_MspInit) refers to fmc.o(i.HAL_FMC_MspInit) for HAL_FMC_MspInit
    fmc.o(i.MX_FMC_Init) refers to rt_memclr_w.o(.text) for __aeabi_memclr4
    fmc.o(i.MX_FMC_Init) refers to stm32f7xx_hal_sdram.o(i.HAL_SDRAM_Init) for HAL_SDRAM_Init
[...]
    Removing stm32f7xx_hal_i2c.o(i.I2C_Disable_IRQ), (96 bytes).
    Removing stm32f7xx_hal_i2c.o(i.I2C_Enable_IRQ), (104 bytes).
    Removing stm32f7xx_hal_i2c.o(i.I2C_Flush_TXDR), (34 bytes).
    Removing stm32f7xx_hal_i2c.o(i.I2C_ITAddrCplt), (148 bytes).
    Removing stm32f7xx_hal_i2c.o(i.I2C_ITError), (248 bytes).
    Removing stm32f7xx_hal_i2c.o(i.I2C_ITListenCplt), (100 bytes).
    Removing stm32f7xx_hal_i2c.o(i.I2C_ITMasterCplt), (244 bytes).
    Removing stm32f7xx_hal_i2c.o(i.I2C_ITMasterSeqCplt), (80 bytes).
    Removing stm32f7xx_hal_i2c.o(i.I2C_ITSlaveCplt), (304 bytes).
    Removing stm32f7xx_hal_i2c.o(i.I2C_ITSlaveSeqCplt), (114 bytes).
    Removing stm32f7xx_hal_i2c.o(i.I2C_IsErrorOccurred), (284 bytes).
    Removing stm32f7xx_hal_i2c.o(i.I2C_Master_ISR_DMA), (272 bytes).
    Removing stm32f7xx_hal_i2c.o(i.I2C_Master_ISR_IT), (296 bytes).
    Removing stm32f7xx_hal_i2c.o(i.I2C_RequestMemoryRead), (100 bytes).
    Removing stm32f7xx_hal_i2c.o(i.I2C_RequestMemoryWrite), (100 bytes).
    Removing stm32f7xx_hal_i2c.o(i.I2C_Slave_ISR_DMA), (266 bytes).
    Removing stm32f7xx_hal_i2c.o(i.I2C_Slave_ISR_IT), (288 bytes).
    Removing stm32f7xx_hal_i2c.o(i.I2C_TransferConfig), (48 bytes).
    Removing stm32f7xx_hal_i2c.o(i.I2C_TreatErrorCallback), (42 bytes).
    Removing stm32f7xx_hal_i2c.o(i.I2C_WaitOnFlagUntilTimeout), (90 bytes).
    Removing stm32f7xx_hal_i2c.o(i.I2C_WaitOnRXNEFlagUntilTimeout), (156 bytes).
    Removing stm32f7xx_hal_i2c.o(i.I2C_WaitOnSTOPFlagUntilTimeout), (78 bytes).
    Removing stm32f7xx_hal_i2c.o(i.I2C_WaitOnTXISFlagUntilTimeout), (82 bytes).
    Removing stm32f7xx_hal_i2c_ex.o(.rev16_text), (4 bytes).
    Removing stm32f7xx_hal_i2c_ex.o(.revsh_text), (4 bytes).
    Removing stm32f7xx_hal_i2c_ex.o(.rrx_text), (6 bytes).
    Removing stm32f7xx_hal_i2c_ex.o(i.HAL_I2CEx_ConfigAnalogFilter), (88 bytes).
    Removing stm32f7xx_hal_i2c_ex.o(i.HAL_I2CEx_ConfigDigitalFilter), (84 bytes).
    Removing stm32f7xx_hal_i2c_ex.o(i.HAL_I2CEx_DisableFastModePlus), (40 bytes).
    Removing stm32f7xx_hal_i2c_ex.o(i.HAL_I2CEx_EnableFastModePlus), (40 bytes).
    Removing stm32f7xx_hal_exti.o(.rev16_text), (4 bytes).
    Removing stm32f7xx_hal_exti.o(.revsh_text), (4 bytes).
    Removing stm32f7xx_hal_exti.o(.rrx_text), (6 bytes).
    Removing stm32f7xx_hal_exti.o(i.HAL_EXTI_ClearConfigLine), (108 bytes).
    Removing stm32f7xx_hal_exti.o(i.HAL_EXTI_ClearPending), (20 bytes).
    Removing stm32f7xx_hal_exti.o(i.HAL_EXTI_GenerateSWI), (20 bytes).
    Removing stm32f7xx_hal_exti.o(i.HAL_EXTI_GetConfigLine), (144 bytes).
    Removing stm32f7xx_hal_exti.o(i.HAL_EXTI_GetHandle), (12 bytes).
    Removing stm32f7xx_hal_exti.o(i.HAL_EXTI_GetPending), (24 bytes).
    Removing stm32f7xx_hal_exti.o(i.HAL_EXTI_IRQHandler), (40 bytes).
    Removing stm32f7xx_hal_exti.o(i.HAL_EXTI_RegisterCallback), (16 bytes).
    Removing stm32f7xx_hal_exti.o(i.HAL_EXTI_SetConfigLine), (164 bytes).
    Removing stm32f7xx_ll_fmc.o(.rev16_text), (4 bytes).
    Removing stm32f7xx_ll_fmc.o(.revsh_text), (4 bytes).
    Removing stm32f7xx_ll_fmc.o(.rrx_text), (6 bytes).
    Removing stm32f7xx_ll_fmc.o(i.FMC_NAND_AttributeSpace_Timing_Init), (30 bytes).
    Removing stm32f7xx_ll_fmc.o(i.FMC_NAND_CommonSpace_Timing_Init), (30 bytes).
    Removing stm32f7xx_ll_fmc.o(i.FMC_NAND_DeInit), (30 bytes).
    Removing stm32f7xx_ll_fmc.o(i.FMC_NAND_ECC_Disable), (12 bytes).
    Removing stm32f7xx_ll_fmc.o(i.FMC_NAND_ECC_Enable), (12 bytes).
    Removing stm32f7xx_ll_fmc.o(i.FMC_NAND_GetECC), (56 bytes).
    Removing stm32f7xx_ll_fmc.o(i.FMC_NAND_Init), (52 bytes).
    Removing stm32f7xx_ll_fmc.o(i.FMC_NORSRAM_DeInit), (50 bytes).
    Removing stm32f7xx_ll_fmc.o(i.FMC_NORSRAM_Extended_Timing_Init), (64 bytes).
    Removing stm32f7xx_ll_fmc.o(i.FMC_NORSRAM_Init), (148 bytes).
    Removing stm32f7xx_ll_fmc.o(i.FMC_NORSRAM_Timing_Init), (104 bytes).
    Removing stm32f7xx_ll_fmc.o(i.FMC_NORSRAM_WriteOperation_Disable), (16 bytes).
    Removing stm32f7xx_ll_fmc.o(i.FMC_NORSRAM_WriteOperation_Enable), (16 bytes).
    Removing stm32f7xx_ll_fmc.o(i.FMC_SDRAM_DeInit), (32 bytes).
    Removing stm32f7xx_ll_fmc.o(i.FMC_SDRAM_GetModeStatus), (18 bytes).
    Removing stm32f7xx_ll_fmc.o(i.FMC_SDRAM_SetAutoRefreshNumber), (22 bytes).
    Removing stm32f7xx_ll_fmc.o(i.FMC_SDRAM_WriteProtection_Disable), (16 bytes).
    Removing stm32f7xx_ll_fmc.o(i.FMC_SDRAM_WriteProtection_Enable), (16 bytes).
    Removing stm32f7xx_hal_sdram.o(.rev16_text), (4 bytes).
    Removing stm32f7xx_hal_sdram.o(.revsh_text), (4 bytes).
    Removing stm32f7xx_hal_sdram.o(.rrx_text), (6 bytes).
    Removing stm32f7xx_hal_sdram.o(i.HAL_SDRAM_DMA_XferCpltCallback), (2 bytes).
    Removing stm32f7xx_hal_sdram.o(i.HAL_SDRAM_DMA_XferErrorCallback), (2 bytes).
    Removing stm32f7xx_hal_sdram.o(i.HAL_SDRAM_DeInit), (28 bytes).
    Removing stm32f7xx_hal_sdram.o(i.HAL_SDRAM_GetModeStatus), (8 bytes).
    Removing stm32f7xx_hal_sdram.o(i.HAL_SDRAM_GetState), (6 bytes).
    Removing stm32f7xx_hal_sdram.o(i.HAL_SDRAM_IRQHandler), (30 bytes).
    Removing stm32f7xx_hal_sdram.o(i.HAL_SDRAM_MspDeInit), (2 bytes).
    Removing stm32f7xx_hal_sdram.o(i.HAL_SDRAM_MspInit), (2 bytes).
    Removing stm32f7xx_hal_sdram.o(i.HAL_SDRAM_Read_16b), (90 bytes).
    Removing stm32f7xx_hal_sdram.o(i.HAL_SDRAM_Read_32b), (70 bytes).
    Removing stm32f7xx_hal_sdram.o(i.HAL_SDRAM_Read_8b), (74 bytes).
    Removing stm32f7xx_hal_sdram.o(i.HAL_SDRAM_Read_DMA), (96 bytes).
    Removing stm32f7xx_hal_sdram.o(i.HAL_SDRAM_RefreshErrorCallback), (2 bytes).
    Removing stm32f7xx_hal_sdram.o(i.HAL_SDRAM_SetAutoRefreshNumber), (46 bytes).
    Removing stm32f7xx_hal_sdram.o(i.HAL_SDRAM_WriteProtection_Disable), (44 bytes).
    Removing stm32f7xx_hal_sdram.o(i.HAL_SDRAM_WriteProtection_Enable), (48 bytes).
    Removing stm32f7xx_hal_sdram.o(i.HAL_SDRAM_Write_16b), (100 bytes).
    Removing stm32f7xx_hal_sdram.o(i.HAL_SDRAM_Write_32b), (70 bytes).
    Removing stm32f7xx_hal_sdram.o(i.HAL_SDRAM_Write_8b), (74 bytes).
    Removing stm32f7xx_hal_sdram.o(i.HAL_SDRAM_Write_DMA), (88 bytes).
    Removing stm32f7xx_hal_sdram.o(i.SDRAM_DMACplt), (26 bytes).
    Removing stm32f7xx_hal_sdram.o(i.SDRAM_DMACpltProt), (26 bytes).
    Removing stm32f7xx_hal_sdram.o(i.SDRAM_DMAError), (26 bytes).
    Removing stm32f7xx_hal_ltdc.o(.rev16_text), (4 bytes).
    Removing stm32f7xx_hal_ltdc.o(.revsh_text), (4 bytes).
    Removing stm32f7xx_hal_ltdc.o(.rrx_text), (6 bytes).
    Removing stm32f7xx_hal_ltdc.o(i.HAL_LTDC_ConfigCLUT), (140 bytes).
    Removing stm32f7xx_hal_ltdc.o(i.HAL_LTDC_ConfigColorKeying), (64 bytes).
    Removing stm32f7xx_hal_ltdc.o(i.HAL_LTDC_ConfigColorKeying_NoReload), (60 bytes).
    Removing stm32f7xx_hal_ltdc.o(i.HAL_LTDC_ConfigLayer_NoReload), (78 bytes).
    Removing stm32f7xx_hal_ltdc.o(i.HAL_LTDC_DeInit), (24 bytes).
    Removing stm32f7xx_hal_ltdc.o(i.HAL_LTDC_DisableCLUT), (60 bytes).
    Removing stm32f7xx_hal_ltdc.o(i.HAL_LTDC_DisableCLUT_NoReload), (56 bytes).
    Removing stm32f7xx_hal_ltdc.o(i.HAL_LTDC_DisableColorKeying), (60 bytes).
    Removing stm32f7xx_hal_ltdc.o(i.HAL_LTDC_DisableColorKeying_NoReload), (56 bytes).
    Removing stm32f7xx_hal_ltdc.o(i.HAL_LTDC_DisableDither), (56 bytes).
    Removing stm32f7xx_hal_ltdc.o(i.HAL_LTDC_EnableCLUT), (60 bytes).
    Removing stm32f7xx_hal_ltdc.o(i.HAL_LTDC_EnableCLUT_NoReload), (56 bytes).
    Removing stm32f7xx_hal_ltdc.o(i.HAL_LTDC_EnableColorKeying), (60 bytes).
    Removing stm32f7xx_hal_ltdc.o(i.HAL_LTDC_EnableColorKeying_NoReload), (56 bytes).
    Removing stm32f7xx_hal_ltdc.o(i.HAL_LTDC_EnableDither), (56 bytes).
    Removing stm32f7xx_hal_ltdc.o(i.HAL_LTDC_ErrorCallback), (2 bytes).
    Removing stm32f7xx_hal_ltdc.o(i.HAL_LTDC_GetError), (6 bytes).
    Removing stm32f7xx_hal_ltdc.o(i.HAL_LTDC_GetState), (6 bytes).
    Removing stm32f7xx_hal_ltdc.o(i.HAL_LTDC_IRQHandler), (200 bytes).
    Removing stm32f7xx_hal_ltdc.o(i.HAL_LTDC_LineEventCallback), (2 bytes).
    Removing stm32f7xx_hal_ltdc.o(i.HAL_LTDC_MspDeInit), (2 bytes).
    Removing stm32f7xx_hal_ltdc.o(i.HAL_LTDC_MspInit), (2 bytes).
    Removing stm32f7xx_hal_ltdc.o(i.HAL_LTDC_ProgramLineEvent), (68 bytes).
    Removing stm32f7xx_hal_ltdc.o(i.HAL_LTDC_Reload), (54 bytes).
    Removing stm32f7xx_hal_ltdc.o(i.HAL_LTDC_ReloadEventCallback), (2 bytes).
    Removing stm32f7xx_hal_ltdc.o(i.HAL_LTDC_SetAddress), (68 bytes).
    Removing stm32f7xx_hal_ltdc.o(i.HAL_LTDC_SetAddress_NoReload), (64 bytes).
    Removing stm32f7xx_hal_ltdc.o(i.HAL_LTDC_SetAlpha), (68 bytes).
    Removing stm32f7xx_hal_ltdc.o(i.HAL_LTDC_SetAlpha_NoReload), (64 bytes).
    Removing stm32f7xx_hal_ltdc.o(i.HAL_LTDC_SetPitch), (148 bytes).
    Removing stm32f7xx_hal_ltdc.o(i.HAL_LTDC_SetPitch_NoReload), (124 bytes).
    Removing stm32f7xx_hal_ltdc.o(i.HAL_LTDC_SetPixelFormat), (68 bytes).
    Removing stm32f7xx_hal_ltdc.o(i.HAL_LTDC_SetPixelFormat_NoReload), (64 bytes).
    Removing stm32f7xx_hal_ltdc.o(i.HAL_LTDC_SetWindowPosition_NoReload), (80 bytes).
    Removing stm32f7xx_hal_ltdc.o(i.HAL_LTDC_SetWindowSize_NoReload), (80 bytes).
    Removing stm32f7xx_hal_ltdc_ex.o(.rev16_text), (4 bytes).
    Removing stm32f7xx_hal_ltdc_ex.o(.revsh_text), (4 bytes).
    Removing stm32f7xx_hal_ltdc_ex.o(.rrx_text), (6 bytes).
    Removing stm32f7xx_hal_dsi.o(.rev16_text), (4 bytes).
    Removing stm32f7xx_hal_dsi.o(.revsh_text), (4 bytes).
    Removing stm32f7xx_hal_dsi.o(.rrx_text), (6 bytes).
    Removing stm32f7xx_hal_tim.o(.rev16_text), (4 bytes).
    Removing stm32f7xx_hal_tim.o(.revsh_text), (4 bytes).
    Removing stm32f7xx_hal_tim.o(.rrx_text), (6 bytes).
    Removing stm32f7xx_hal_tim_ex.o(.rev16_text), (4 bytes).
    Removing stm32f7xx_hal_tim_ex.o(.revsh_text), (4 bytes).
    Removing stm32f7xx_hal_tim_ex.o(.rrx_text), (6 bytes).
    Removing system_stm32f7xx.o(.rev16_text), (4 bytes).
    Removing system_stm32f7xx.o(.revsh_text), (4 bytes).
    Removing system_stm32f7xx.o(.rrx_text), (6 bytes).
    Removing system_stm32f7xx.o(i.SystemCoreClockUpdate), (132 bytes).
    Removing system_stm32f7xx.o(.constdata), (8 bytes).

459 unused section(s) (total 31818 bytes) removed from the image.

==============================================================================

Image Symbol Table

    Local Symbols

    Symbol Name                              Value     Ov Type        Size  Object(Section)

    ../Core/Src/dma2d.c                      0x00000000   Number         0  dma2d.o ABSOLUTE
    ../Core/Src/fmc.c                        0x00000000   Number         0  fmc.o ABSOLUTE
    ../Core/Src/gpio.c                       0x00000000   Number         0  gpio.o ABSOLUTE
    ../Core/Src/ltdc.c                       0x00000000   Number         0  ltdc.o ABSOLUTE
    ../Core/Src/main.c                       0x00000000   Number         0  main.o ABSOLUTE
    ../Core/Src/stm32f7xx_hal_msp.c          0x00000000   Number         0  stm32f7xx_hal_msp.o ABSOLUTE
    ../Core/Src/stm32f7xx_it.c               0x00000000   Number         0  stm32f7xx_it.o ABSOLUTE
    ../Core/Src/system_stm32f7xx.c           0x00000000   Number         0  system_stm32f7xx.o ABSOLUTE
    ../Drivers/STM32F7xx_HAL_Driver/Src/stm32f7xx_hal.c 0x00000000   Number         0  stm32f7xx_hal.o ABSOLUTE
    ../Drivers/STM32F7xx_HAL_Driver/Src/stm32f7xx_hal_cortex.c 0x00000000   Number         0  stm32f7xx_hal_cortex.o ABSOLUTE
    ../Drivers/STM32F7xx_HAL_Driver/Src/stm32f7xx_hal_dma.c 0x00000000   Number         0  stm32f7xx_hal_dma.o ABSOLUTE
    ../Drivers/STM32F7xx_HAL_Driver/Src/stm32f7xx_hal_dma2d.c 0x00000000   Number         0  stm32f7xx_hal_dma2d.o ABSOLUTE
    ../Drivers/STM32F7xx_HAL_Driver/Src/stm32f7xx_hal_dma_ex.c 0x00000000   Number         0  stm32f7xx_hal_dma_ex.o ABSOLUTE
    ../Drivers/STM32F7xx_HAL_Driver/Src/stm32f7xx_hal_dsi.c 0x00000000   Number         0  stm32f7xx_hal_dsi.o ABSOLUTE
    ../Drivers/STM32F7xx_HAL_Driver/Src/stm32f7xx_hal_exti.c 0x00000000   Number         0  stm32f7xx_hal_exti.o ABSOLUTE
    ../Drivers/STM32F7xx_HAL_Driver/Src/stm32f7xx_hal_flash.c 0x00000000   Number         0  stm32f7xx_hal_flash.o ABSOLUTE
    ../Drivers/STM32F7xx_HAL_Driver/Src/stm32f7xx_hal_flash_ex.c 0x00000000   Number         0  stm32f7xx_hal_flash_ex.o ABSOLUTE
    ../Drivers/STM32F7xx_HAL_Driver/Src/stm32f7xx_hal_gpio.c 0x00000000   Number         0  stm32f7xx_hal_gpio.o ABSOLUTE
    ../Drivers/STM32F7xx_HAL_Driver/Src/stm32f7xx_hal_i2c.c 0x00000000   Number         0  stm32f7xx_hal_i2c.o ABSOLUTE
    ../Drivers/STM32F7xx_HAL_Driver/Src/stm32f7xx_hal_i2c_ex.c 0x00000000   Number         0  stm32f7xx_hal_i2c_ex.o ABSOLUTE
    ../Drivers/STM32F7xx_HAL_Driver/Src/stm32f7xx_hal_ltdc.c 0x00000000   Number         0  stm32f7xx_hal_ltdc.o ABSOLUTE
    ../Drivers/STM32F7xx_HAL_Driver/Src/stm32f7xx_hal_ltdc_ex.c 0x00000000   Number         0  stm32f7xx_hal_ltdc_ex.o ABSOLUTE
    ../Drivers/STM32F7xx_HAL_Driver/Src/stm32f7xx_hal_pwr.c 0x00000000   Number         0  stm32f7xx_hal_pwr.o ABSOLUTE
    ../Drivers/STM32F7xx_HAL_Driver/Src/stm32f7xx_hal_pwr_ex.c 0x00000000   Number         0  stm32f7xx_hal_pwr_ex.o ABSOLUTE
    ../Drivers/STM32F7xx_HAL_Driver/Src/stm32f7xx_hal_rcc.c 0x00000000   Number         0  stm32f7xx_hal_rcc.o ABSOLUTE
    ../Drivers/STM32F7xx_HAL_Driver/Src/stm32f7xx_hal_rcc_ex.c 0x00000000   Number         0  stm32f7xx_hal_rcc_ex.o ABSOLUTE
    ../Drivers/STM32F7xx_HAL_Driver/Src/stm32f7xx_hal_sdram.c 0x00000000   Number         0  stm32f7xx_hal_sdram.o ABSOLUTE
    ../Drivers/STM32F7xx_HAL_Driver/Src/stm32f7xx_hal_tim.c 0x00000000   Number         0  stm32f7xx_hal_tim.o ABSOLUTE
    ../Drivers/STM32F7xx_HAL_Driver/Src/stm32f7xx_hal_tim_ex.c 0x00000000   Number         0  stm32f7xx_hal_tim_ex.o ABSOLUTE
    ../Drivers/STM32F7xx_HAL_Driver/Src/stm32f7xx_ll_fmc.c 0x00000000   Number         0  stm32f7xx_ll_fmc.o ABSOLUTE
    ../clib/angel/boardlib.s                 0x00000000   Number         0  boardinit1.o ABSOLUTE
    ../clib/angel/boardlib.s                 0x00000000   Number         0  boardinit3.o ABSOLUTE
    ../clib/angel/boardlib.s                 0x00000000   Number         0  boardinit2.o ABSOLUTE
    ../clib/angel/boardlib.s                 0x00000000   Number         0  boardshut.o ABSOLUTE
    ../clib/angel/handlers.s                 0x00000000   Number         0  __scatter_zi.o ABSOLUTE
    ../clib/angel/handlers.s                 0x00000000   Number         0  __scatter_copy.o ABSOLUTE
    ../clib/angel/kernel.s                   0x00000000   Number         0  __rtentry.o ABSOLUTE
    ../clib/angel/kernel.s                   0x00000000   Number         0  rtexit.o ABSOLUTE
    ../clib/angel/kernel.s                   0x00000000   Number         0  rtexit2.o ABSOLUTE
    ../clib/angel/kernel.s                   0x00000000   Number         0  __rtentry4.o ABSOLUTE
    ../clib/angel/kernel.s                   0x00000000   Number         0  __rtentry2.o ABSOLUTE
    ../clib/angel/rt.s                       0x00000000   Number         0  aeabi_ldiv0.o ABSOLUTE
    ../clib/angel/rt.s                       0x00000000   Number         0  rt_raise.o ABSOLUTE
    ../clib/angel/rt.s                       0x00000000   Number         0  rt_div0.o ABSOLUTE
    ../clib/angel/rt.s                       0x00000000   Number         0  aeabi_ldiv0_sigfpe.o ABSOLUTE
    ../clib/angel/scatter.s                  0x00000000   Number         0  __scatter.o ABSOLUTE
    ../clib/angel/startup.s                  0x00000000   Number         0  __main.o ABSOLUTE
    ../clib/angel/sys.s                      0x00000000   Number         0  indicate_semi.o ABSOLUTE
    ../clib/angel/sys.s                      0x00000000   Number         0  use_no_semi.o ABSOLUTE
    ../clib/angel/sys.s                      0x00000000   Number         0  libspace.o ABSOLUTE
    ../clib/angel/sys.s                      0x00000000   Number         0  sys_stackheap_outer.o ABSOLUTE
    ../clib/angel/sysapp.c                   0x00000000   Number         0  sys_exit.o ABSOLUTE
    ../clib/angel/sysapp.c                   0x00000000   Number         0  sys_command.o ABSOLUTE
    ../clib/angel/sysapp.c                   0x00000000   Number         0  sys_wrch.o ABSOLUTE
    ../clib/armsys.c                         0x00000000   Number         0  argv_veneer.o ABSOLUTE
    ../clib/armsys.c                         0x00000000   Number         0  argv_veneer.o ABSOLUTE
    ../clib/armsys.c                         0x00000000   Number         0  no_argv.o ABSOLUTE
    ../clib/armsys.c                         0x00000000   Number         0  _get_argv_nomalloc.o ABSOLUTE
    ../clib/heapalloc.c                      0x00000000   Number         0  hrguard.o ABSOLUTE
    ../clib/heapaux.c                        0x00000000   Number         0  heapauxi.o ABSOLUTE
    ../clib/libinit.s                        0x00000000   Number         0  libshutdown2.o ABSOLUTE
    ../clib/libinit.s                        0x00000000   Number         0  libshutdown.o ABSOLUTE
    ../clib/libinit.s                        0x00000000   Number         0  libinit2.o ABSOLUTE
    ../clib/libinit.s                        0x00000000   Number         0  libinit.o ABSOLUTE
    ../clib/longlong.s                       0x00000000   Number         0  lludivv7m.o ABSOLUTE
    ../clib/memcpset.s                       0x00000000   Number         0  rt_memclr_w.o ABSOLUTE
    ../clib/memcpset.s                       0x00000000   Number         0  rt_memcpy_w.o ABSOLUTE
    ../clib/signal.c                         0x00000000   Number         0  defsig_segv_inner.o ABSOLUTE
    ../clib/signal.c                         0x00000000   Number         0  defsig_cppl_inner.o ABSOLUTE
    ../clib/signal.c                         0x00000000   Number         0  defsig_fpe_inner.o ABSOLUTE
    ../clib/signal.c                         0x00000000   Number         0  defsig_exit.o ABSOLUTE
    ../clib/signal.c                         0x00000000   Number         0  defsig_stak_inner.o ABSOLUTE
    ../clib/signal.c                         0x00000000   Number         0  defsig_pvfn_inner.o ABSOLUTE
    ../clib/signal.c                         0x00000000   Number         0  defsig_rtmem_formal.o ABSOLUTE
    ../clib/signal.c                         0x00000000   Number         0  defsig_rtmem_outer.o ABSOLUTE
    ../clib/signal.c                         0x00000000   Number         0  defsig_rtmem_inner.o ABSOLUTE
    ../clib/signal.c                         0x00000000   Number         0  defsig_rtred_inner.o ABSOLUTE
    ../clib/signal.c                         0x00000000   Number         0  defsig_fpe_formal.o ABSOLUTE
    ../clib/signal.c                         0x00000000   Number         0  defsig_fpe_outer.o ABSOLUTE
    ../clib/signal.c                         0x00000000   Number         0  defsig_abrt_inner.o ABSOLUTE
    ../clib/signal.c                         0x00000000   Number         0  __raise.o ABSOLUTE
    ../clib/signal.c                         0x00000000   Number         0  defsig_other.o ABSOLUTE
    ../clib/signal.c                         0x00000000   Number         0  defsig_general.o ABSOLUTE
    ../clib/signal.s                         0x00000000   Number         0  defsig.o ABSOLUTE
    ../clib/stdlib.c                         0x00000000   Number         0  exit.o ABSOLUTE
    ../fplib/fpinit.s                        0x00000000   Number         0  fpinit.o ABSOLUTE
    ..\Core\Src\dma2d.c                      0x00000000   Number         0  dma2d.o ABSOLUTE
    ..\Core\Src\fmc.c                        0x00000000   Number         0  fmc.o ABSOLUTE
    ..\Core\Src\gpio.c                       0x00000000   Number         0  gpio.o ABSOLUTE
    ..\Core\Src\ltdc.c                       0x00000000   Number         0  ltdc.o ABSOLUTE
    ..\Core\Src\main.c                       0x00000000   Number         0  main.o ABSOLUTE
    ..\Core\Src\stm32f7xx_hal_msp.c          0x00000000   Number         0  stm32f7xx_hal_msp.o ABSOLUTE
    ..\Core\Src\stm32f7xx_it.c               0x00000000   Number         0  stm32f7xx_it.o ABSOLUTE
    ..\Core\Src\system_stm32f7xx.c           0x00000000   Number         0  system_stm32f7xx.o ABSOLUTE
    ..\Drivers\STM32F7xx_HAL_Driver\Src\stm32f7xx_hal.c 0x00000000   Number         0  stm32f7xx_hal.o ABSOLUTE
    ..\Drivers\STM32F7xx_HAL_Driver\Src\stm32f7xx_hal_cortex.c 0x00000000   Number         0  stm32f7xx_hal_cortex.o ABSOLUTE
    ..\Drivers\STM32F7xx_HAL_Driver\Src\stm32f7xx_hal_dma.c 0x00000000   Number         0  stm32f7xx_hal_dma.o ABSOLUTE
    ..\Drivers\STM32F7xx_HAL_Driver\Src\stm32f7xx_hal_dma2d.c 0x00000000   Number         0  stm32f7xx_hal_dma2d.o ABSOLUTE
    ..\Drivers\STM32F7xx_HAL_Driver\Src\stm32f7xx_hal_dma_ex.c 0x00000000   Number         0  stm32f7xx_hal_dma_ex.o ABSOLUTE
    ..\Drivers\STM32F7xx_HAL_Driver\Src\stm32f7xx_hal_dsi.c 0x00000000   Number         0  stm32f7xx_hal_dsi.o ABSOLUTE
    ..\Drivers\STM32F7xx_HAL_Driver\Src\stm32f7xx_hal_exti.c 0x00000000   Number         0  stm32f7xx_hal_exti.o ABSOLUTE
    ..\Drivers\STM32F7xx_HAL_Driver\Src\stm32f7xx_hal_flash.c 0x00000000   Number         0  stm32f7xx_hal_flash.o ABSOLUTE
    ..\Drivers\STM32F7xx_HAL_Driver\Src\stm32f7xx_hal_flash_ex.c 0x00000000   Number         0  stm32f7xx_hal_flash_ex.o ABSOLUTE
    ..\Drivers\STM32F7xx_HAL_Driver\Src\stm32f7xx_hal_gpio.c 0x00000000   Number         0  stm32f7xx_hal_gpio.o ABSOLUTE
    ..\Drivers\STM32F7xx_HAL_Driver\Src\stm32f7xx_hal_i2c.c 0x00000000   Number         0  stm32f7xx_hal_i2c.o ABSOLUTE
    ..\Drivers\STM32F7xx_HAL_Driver\Src\stm32f7xx_hal_i2c_ex.c 0x00000000   Number         0  stm32f7xx_hal_i2c_ex.o ABSOLUTE
    ..\Drivers\STM32F7xx_HAL_Driver\Src\stm32f7xx_hal_ltdc.c 0x00000000   Number         0  stm32f7xx_hal_ltdc.o ABSOLUTE
    ..\Drivers\STM32F7xx_HAL_Driver\Src\stm32f7xx_hal_ltdc_ex.c 0x00000000   Number         0  stm32f7xx_hal_ltdc_ex.o ABSOLUTE
    ..\Drivers\STM32F7xx_HAL_Driver\Src\stm32f7xx_hal_pwr.c 0x00000000   Number         0  stm32f7xx_hal_pwr.o ABSOLUTE
    ..\Drivers\STM32F7xx_HAL_Driver\Src\stm32f7xx_hal_pwr_ex.c 0x00000000   Number         0  stm32f7xx_hal_pwr_ex.o ABSOLUTE
    ..\Drivers\STM32F7xx_HAL_Driver\Src\stm32f7xx_hal_rcc.c 0x00000000   Number         0  stm32f7xx_hal_rcc.o ABSOLUTE
    ..\Drivers\STM32F7xx_HAL_Driver\Src\stm32f7xx_hal_rcc_ex.c 0x00000000   Number         0  stm32f7xx_hal_rcc_ex.o ABSOLUTE
    ..\Drivers\STM32F7xx_HAL_Driver\Src\stm32f7xx_hal_sdram.c 0x00000000   Number         0  stm32f7xx_hal_sdram.o ABSOLUTE
    ..\Drivers\STM32F7xx_HAL_Driver\Src\stm32f7xx_hal_tim.c 0x00000000   Number         0  stm32f7xx_hal_tim.o ABSOLUTE
    ..\Drivers\STM32F7xx_HAL_Driver\Src\stm32f7xx_hal_tim_ex.c 0x00000000   Number         0  stm32f7xx_hal_tim_ex.o ABSOLUTE
    ..\Drivers\STM32F7xx_HAL_Driver\Src\stm32f7xx_ll_fmc.c 0x00000000   Number         0  stm32f7xx_ll_fmc.o ABSOLUTE
    ..\LCD\lcd.c                             0x00000000   Number         0  lcd.o ABSOLUTE
    ..\\LCD\\lcd.c                           0x00000000   Number         0  lcd.o ABSOLUTE
    dc.s                                     0x00000000   Number         0  dc.o ABSOLUTE
    startup_stm32f767xx.s                    0x00000000   Number         0  startup_stm32f767xx.o ABSOLUTE
    RESET                                    0x08000000   Section      504  startup_stm32f767xx.o(RESET)
    !!!main                                  0x080001f8   Section        8  __main.o(!!!main)
    !!!scatter                               0x08000200   Section       52  __scatter.o(!!!scatter)
    !!handler_copy                           0x08000234   Section       26  __scatter_copy.o(!!handler_copy)
    !!handler_zi                             0x08000250   Section       28  __scatter_zi.o(!!handler_zi)
    .ARM.Collect$$libinit$$00000000          0x0800026c   Section        2  libinit.o(.ARM.Collect$$libinit$$00000000)
    .ARM.Collect$$libinit$$00000001          0x0800026e   Section        4  libinit2.o(.ARM.Collect$$libinit$$00000001)
    .ARM.Collect$$libinit$$00000004          0x08000272   Section        0  libinit2.o(.ARM.Collect$$libinit$$00000004)
    .ARM.Collect$$libinit$$0000000A          0x08000272   Section        0  libinit2.o(.ARM.Collect$$libinit$$0000000A)
    .ARM.Collect$$libinit$$0000000C          0x08000272   Section        0  libinit2.o(.ARM.Collect$$libinit$$0000000C)
    .ARM.Collect$$libinit$$0000000E          0x08000272   Section        0  libinit2.o(.ARM.Collect$$libinit$$0000000E)
    .ARM.Collect$$libinit$$00000011          0x08000272   Section        0  libinit2.o(.ARM.Collect$$libinit$$00000011)
    .ARM.Collect$$libinit$$00000013          0x08000272   Section        0  libinit2.o(.ARM.Collect$$libinit$$00000013)
    .ARM.Collect$$libinit$$00000015          0x08000272   Section        0  libinit2.o(.ARM.Collect$$libinit$$00000015)
    .ARM.Collect$$libinit$$00000017          0x08000272   Section        0  libinit2.o(.ARM.Collect$$libinit$$00000017)
    .ARM.Collect$$libinit$$00000019          0x08000272   Section        0  libinit2.o(.ARM.Collect$$libinit$$00000019)
    .ARM.Collect$$libinit$$0000001B          0x08000272   Section        0  libinit2.o(.ARM.Collect$$libinit$$0000001B)
    .ARM.Collect$$libinit$$0000001D          0x08000272   Section        0  libinit2.o(.ARM.Collect$$libinit$$0000001D)
    .ARM.Collect$$libinit$$0000001F          0x08000272   Section        0  libinit2.o(.ARM.Collect$$libinit$$0000001F)
    .ARM.Collect$$libinit$$00000021          0x08000272   Section        0  libinit2.o(.ARM.Collect$$libinit$$00000021)
    .ARM.Collect$$libinit$$00000023          0x08000272   Section        0  libinit2.o(.ARM.Collect$$libinit$$00000023)
    .ARM.Collect$$libinit$$00000025          0x08000272   Section        0  libinit2.o(.ARM.Collect$$libinit$$00000025)
    .ARM.Collect$$libinit$$0000002C          0x08000272   Section        0  libinit2.o(.ARM.Collect$$libinit$$0000002C)
    .ARM.Collect$$libinit$$0000002E          0x08000272   Section        0  libinit2.o(.ARM.Collect$$libinit$$0000002E)
    .ARM.Collect$$libinit$$00000030          0x08000272   Section        0  libinit2.o(.ARM.Collect$$libinit$$00000030)
    .ARM.Collect$$libinit$$00000032          0x08000272   Section        0  libinit2.o(.ARM.Collect$$libinit$$00000032)
    .ARM.Collect$$libinit$$00000033          0x08000272   Section        2  libinit2.o(.ARM.Collect$$libinit$$00000033)
    .ARM.Collect$$libshutdown$$00000000      0x08000274   Section        2  libshutdown.o(.ARM.Collect$$libshutdown$$00000000)
    .ARM.Collect$$libshutdown$$00000002      0x08000276   Section        0  libshutdown2.o(.ARM.Collect$$libshutdown$$00000002)
    .ARM.Collect$$libshutdown$$00000004      0x08000276   Section        0  libshutdown2.o(.ARM.Collect$$libshutdown$$00000004)
    .ARM.Collect$$libshutdown$$00000007      0x08000276   Section        0  libshutdown2.o(.ARM.Collect$$libshutdown$$00000007)
    .ARM.Collect$$libshutdown$$0000000A      0x08000276   Section        0  libshutdown2.o(.ARM.Collect$$libshutdown$$0000000A)
    .ARM.Collect$$libshutdown$$0000000C      0x08000276   Section        0  libshutdown2.o(.ARM.Collect$$libshutdown$$0000000C)
    .ARM.Collect$$libshutdown$$0000000F      0x08000276   Section        0  libshutdown2.o(.ARM.Collect$$libshutdown$$0000000F)
    .ARM.Collect$$libshutdown$$00000010      0x08000276   Section        2  libshutdown2.o(.ARM.Collect$$libshutdown$$00000010)
    .ARM.Collect$$rtentry$$00000000          0x08000278   Section        0  __rtentry.o(.ARM.Collect$$rtentry$$00000000)
    .ARM.Collect$$rtentry$$00000002          0x08000278   Section        0  __rtentry2.o(.ARM.Collect$$rtentry$$00000002)
    .ARM.Collect$$rtentry$$00000004          0x08000278   Section        6  __rtentry4.o(.ARM.Collect$$rtentry$$00000004)
    .ARM.Collect$$rtentry$$00000009          0x0800027e   Section        0  __rtentry2.o(.ARM.Collect$$rtentry$$00000009)
    .ARM.Collect$$rtentry$$0000000A          0x0800027e   Section        4  __rtentry2.o(.ARM.Collect$$rtentry$$0000000A)
    .ARM.Collect$$rtentry$$0000000C          0x08000282   Section        0  __rtentry2.o(.ARM.Collect$$rtentry$$0000000C)
    .ARM.Collect$$rtentry$$0000000D          0x08000282   Section        8  __rtentry2.o(.ARM.Collect$$rtentry$$0000000D)
    .ARM.Collect$$rtexit$$00000000           0x0800028a   Section        2  rtexit.o(.ARM.Collect$$rtexit$$00000000)
    .ARM.Collect$$rtexit$$00000002           0x0800028c   Section        0  rtexit2.o(.ARM.Collect$$rtexit$$00000002)
    .ARM.Collect$$rtexit$$00000003           0x0800028c   Section        4  rtexit2.o(.ARM.Collect$$rtexit$$00000003)
    .ARM.Collect$$rtexit$$00000004           0x08000290   Section        6  rtexit2.o(.ARM.Collect$$rtexit$$00000004)
    .text                                    0x08000298   Section       64  startup_stm32f767xx.o(.text)
    $v0                                      0x08000298   Number         0  startup_stm32f767xx.o(.text)
    .text                                    0x080002d8   Section      238  lludivv7m.o(.text)
    .text                                    0x080003c6   Section      100  rt_memcpy_w.o(.text)
    .text                                    0x0800042a   Section       78  rt_memclr_w.o(.text)
    .text                                    0x08000478   Section        0  heapauxi.o(.text)
    .text                                    0x0800047e   Section       74  sys_stackheap_outer.o(.text)
    .text                                    0x080004c8   Section        0  exit.o(.text)
    .text                                    0x080004dc   Section        8  libspace.o(.text)
    .text                                    0x080004e4   Section        0  sys_exit.o(.text)
    .text                                    0x080004f0   Section        2  use_no_semi.o(.text)
    .text                                    0x080004f2   Section        0  indicate_semi.o(.text)
    i.BusFault_Handler                       0x080004f2   Section        0  stm32f7xx_it.o(i.BusFault_Handler)
    i.DebugMon_Handler                       0x080004f4   Section        0  stm32f7xx_it.o(i.DebugMon_Handler)
    i.Error_Handler                          0x080004f6   Section        0  main.o(i.Error_Handler)
    i.FMC_SDRAM_Init                         0x080004fa   Section        0  stm32f7xx_ll_fmc.o(i.FMC_SDRAM_Init)
    i.FMC_SDRAM_ProgramRefreshRate           0x08000564   Section        0  stm32f7xx_ll_fmc.o(i.FMC_SDRAM_ProgramRefreshRate)
    i.FMC_SDRAM_SendCommand                  0x08000576   Section        0  stm32f7xx_ll_fmc.o(i.FMC_SDRAM_SendCommand)
    i.FMC_SDRAM_Timing_Init                  0x0800059c   Section        0  stm32f7xx_ll_fmc.o(i.FMC_SDRAM_Timing_Init)
    i.HAL_DMA2D_ConfigLayer                  0x0800064c   Section        0  stm32f7xx_hal_dma2d.o(i.HAL_DMA2D_ConfigLayer)
    i.HAL_DMA2D_Init                         0x08000704   Section        0  stm32f7xx_hal_dma2d.o(i.HAL_DMA2D_Init)
    i.HAL_DMA2D_MspInit                      0x08000774   Section        0  dma2d.o(i.HAL_DMA2D_MspInit)
    i.HAL_Delay                              0x0800079c   Section        0  stm32f7xx_hal.o(i.HAL_Delay)
    i.HAL_FMC_MspInit                        0x080007c0   Section        0  fmc.o(i.HAL_FMC_MspInit)
    HAL_FMC_MspInit                          0x080007c1   Thumb Code   148  fmc.o(i.HAL_FMC_MspInit)
    i.HAL_GPIO_Init                          0x08000870   Section        0  stm32f7xx_hal_gpio.o(i.HAL_GPIO_Init)
    i.HAL_GPIO_TogglePin                     0x08000ab8   Section        0  stm32f7xx_hal_gpio.o(i.HAL_GPIO_TogglePin)
    i.HAL_GPIO_WritePin                      0x08000ac8   Section        0  stm32f7xx_hal_gpio.o(i.HAL_GPIO_WritePin)
    i.HAL_GetTick                            0x08000ad4   Section        0  stm32f7xx_hal.o(i.HAL_GetTick)
    i.HAL_IncTick                            0x08000ae0   Section        0  stm32f7xx_hal.o(i.HAL_IncTick)
    i.HAL_Init                               0x08000af0   Section        0  stm32f7xx_hal.o(i.HAL_Init)
    i.HAL_InitTick                           0x08000b08   Section        0  stm32f7xx_hal.o(i.HAL_InitTick)
    i.HAL_LTDC_ConfigLayer                   0x08000b48   Section        0  stm32f7xx_hal_ltdc.o(i.HAL_LTDC_ConfigLayer)
    i.HAL_LTDC_Init                          0x08000b9c   Section        0  stm32f7xx_hal_ltdc.o(i.HAL_LTDC_Init)
    i.HAL_LTDC_MspInit                       0x08000c94   Section        0  ltdc.o(i.HAL_LTDC_MspInit)
    i.HAL_LTDC_SetWindowPosition             0x08000db4   Section        0  stm32f7xx_hal_ltdc.o(i.HAL_LTDC_SetWindowPosition)
    i.HAL_LTDC_SetWindowSize                 0x08000e08   Section        0  stm32f7xx_hal_ltdc.o(i.HAL_LTDC_SetWindowSize)
    i.HAL_MspInit                            0x08000e5c   Section        0  stm32f7xx_hal_msp.o(i.HAL_MspInit)
    i.HAL_NVIC_SetPriority                   0x08000e8c   Section        0  stm32f7xx_hal_cortex.o(i.HAL_NVIC_SetPriority)
    i.HAL_NVIC_SetPriorityGrouping           0x08000ecc   Section        0  stm32f7xx_hal_cortex.o(i.HAL_NVIC_SetPriorityGrouping)
    i.HAL_PWREx_EnableOverDrive              0x08000ef0   Section        0  stm32f7xx_hal_pwr_ex.o(i.HAL_PWREx_EnableOverDrive)
    i.HAL_PWR_EnableBkUpAccess               0x08000f5c   Section        0  stm32f7xx_hal_pwr.o(i.HAL_PWR_EnableBkUpAccess)
    i.HAL_RCCEx_PeriphCLKConfig              0x08000f6c   Section        0  stm32f7xx_hal_rcc_ex.o(i.HAL_RCCEx_PeriphCLKConfig)
    i.HAL_RCC_ClockConfig                    0x080014a8   Section        0  stm32f7xx_hal_rcc.o(i.HAL_RCC_ClockConfig)
    i.HAL_RCC_GetSysClockFreq                0x080015d8   Section        0  stm32f7xx_hal_rcc.o(i.HAL_RCC_GetSysClockFreq)
    i.HAL_RCC_OscConfig                      0x0800163c   Section        0  stm32f7xx_hal_rcc.o(i.HAL_RCC_OscConfig)
    i.HAL_SDRAM_Init                         0x080019d4   Section        0  stm32f7xx_hal_sdram.o(i.HAL_SDRAM_Init)
    i.HAL_SDRAM_MspInit                      0x08001a16   Section        0  fmc.o(i.HAL_SDRAM_MspInit)
    i.HAL_SDRAM_ProgramRefreshRate           0x08001a1a   Section        0  stm32f7xx_hal_sdram.o(i.HAL_SDRAM_ProgramRefreshRate)
    i.HAL_SDRAM_SendCommand                  0x08001a48   Section        0  stm32f7xx_hal_sdram.o(i.HAL_SDRAM_SendCommand)
    i.HAL_SYSTICK_Config                     0x08001a84   Section        0  stm32f7xx_hal_cortex.o(i.HAL_SYSTICK_Config)
    i.HardFault_Handler                      0x08001aaa   Section        0  stm32f7xx_it.o(i.HardFault_Handler)
    i.LCD_Clear                              0x08001aac   Section        0  lcd.o(i.LCD_Clear)
    i.LCD_Display_Dir                        0x08001af4   Section        0  lcd.o(i.LCD_Display_Dir)
    i.LCD_Fast_DrawPoint                     0x08001be8   Section        0  lcd.o(i.LCD_Fast_DrawPoint)
    i.LCD_Init                               0x08001cdc   Section        0  lcd.o(i.LCD_Init)
    i.LCD_Scan_Dir                           0x08001dec   Section        0  lcd.o(i.LCD_Scan_Dir)
    i.LCD_SetCursor                          0x08001fa4   Section        0  lcd.o(i.LCD_SetCursor)
    i.LCD_ShowChar                           0x080020a8   Section        0  lcd.o(i.LCD_ShowChar)
    i.LCD_ShowString                         0x0800218c   Section        0  lcd.o(i.LCD_ShowString)
    i.LCD_WR_DATA                            0x080021e0   Section        0  lcd.o(i.LCD_WR_DATA)
    i.LCD_WR_REG                             0x080021f8   Section        0  lcd.o(i.LCD_WR_REG)
    i.LCD_WriteRAM_Prepare                   0x08002210   Section        0  lcd.o(i.LCD_WriteRAM_Prepare)
    i.LCD_WriteReg                           0x08002224   Section        0  lcd.o(i.LCD_WriteReg)
    i.LTDC_Clear                             0x08002234   Section        0  ltdc.o(i.LTDC_Clear)
    i.LTDC_Display_Dir                       0x08002254   Section        0  ltdc.o(i.LTDC_Display_Dir)
    i.LTDC_Draw_Point                        0x08002278   Section        0  ltdc.o(i.LTDC_Draw_Point)
    i.LTDC_Fill                              0x080022b4   Section        0  ltdc.o(i.LTDC_Fill)
    i.LTDC_Layer_Parameter_Config            0x08002368   Section        0  lcd.o(i.LTDC_Layer_Parameter_Config)
    i.LTDC_Select_Layer                      0x080023c8   Section        0  ltdc.o(i.LTDC_Select_Layer)
    i.LTDC_SetConfig                         0x080023d4   Section        0  stm32f7xx_hal_ltdc.o(i.LTDC_SetConfig)
    LTDC_SetConfig                           0x080023d5   Thumb Code   464  stm32f7xx_hal_ltdc.o(i.LTDC_SetConfig)
    i.LTDC_Test                              0x080025a4   Section        0  main.o(i.LTDC_Test)
    i.MX_DMA2D_Init                          0x080026e0   Section        0  dma2d.o(i.MX_DMA2D_Init)
    i.MX_FMC_Init                            0x08002728   Section        0  fmc.o(i.MX_FMC_Init)
    i.MX_GPIO_Init                           0x08002794   Section        0  gpio.o(i.MX_GPIO_Init)
    i.MX_LTDC_Init                           0x0800285c   Section        0  ltdc.o(i.MX_LTDC_Init)
    i.MemManage_Handler                      0x08002940   Section        0  stm32f7xx_it.o(i.MemManage_Handler)
    i.NMI_Handler                            0x08002942   Section        0  stm32f7xx_it.o(i.NMI_Handler)
    i.PendSV_Handler                         0x08002944   Section        0  stm32f7xx_it.o(i.PendSV_Handler)
    i.SDRAM_Initialization_Sequence          0x08002948   Section        0  fmc.o(i.SDRAM_Initialization_Sequence)
    i.SDRAM_Send_Cmd                         0x08002994   Section        0  fmc.o(i.SDRAM_Send_Cmd)
    i.SVC_Handler                            0x080029cc   Section        0  stm32f7xx_it.o(i.SVC_Handler)
    i.SysTick_Handler                        0x080029ce   Section        0  stm32f7xx_it.o(i.SysTick_Handler)
    i.SystemClock_Config                     0x080029d4   Section        0  main.o(i.SystemClock_Config)
    i.SystemInit                             0x08002a78   Section        0  system_stm32f7xx.o(i.SystemInit)
    i.UsageFault_Handler                     0x08002a88   Section        0  stm32f7xx_it.o(i.UsageFault_Handler)
    i.__NVIC_SetPriority                     0x08002a8a   Section        0  stm32f7xx_hal_cortex.o(i.__NVIC_SetPriority)
    __NVIC_SetPriority                       0x08002a8b   Thumb Code    34  stm32f7xx_hal_cortex.o(i.__NVIC_SetPriority)
    i.main                                   0x08002aac   Section        0  main.o(i.main)
    x$fpl$fpinit                             0x08002ae4   Section       10  fpinit.o(x$fpl$fpinit)
    $v0                                      0x08002ae4   Number         0  fpinit.o(x$fpl$fpinit)
    .constdata                               0x08002aee   Section    18240  lcd.o(.constdata)
    .constdata                               0x0800722e   Section       16  system_stm32f7xx.o(.constdata)
    .data                                    0x20000000   Section        4  main.o(.data)
    i                                        0x20000000   Data           4  main.o(.data)
    .data                                    0x20000004   Section        8  fmc.o(.data)
    FMC_Initialized                          0x20000004   Data           4  fmc.o(.data)
    FMC_DeInitialized                        0x20000008   Data           4  fmc.o(.data)
    .data                                    0x2000000c   Section        8  ltdc.o(.data)
    .data                                    0x20000014   Section        8  lcd.o(.data)
    .data                                    0x2000001c   Section       12  stm32f7xx_hal.o(.data)
    .data                                    0x20000028   Section        4  system_stm32f7xx.o(.data)
    .bss                                     0x2000002c   Section       88  dma2d.o(.bss)
    .bss                                     0x20000084   Section       52  fmc.o(.bss)
    .bss                                     0x200000b8   Section      368  ltdc.o(.bss)
    .bss                                     0x20000228   Section       14  lcd.o(.bss)
    .bss                                     0x20000238   Section       96  libspace.o(.bss)
    HEAP                                     0x20000298   Section      512  startup_stm32f767xx.o(HEAP)
    Heap_Mem                                 0x20000298   Data         512  startup_stm32f767xx.o(HEAP)
    STACK                                    0x20000498   Section     1024  startup_stm32f767xx.o(STACK)
    Stack_Mem                                0x20000498   Data        1024  startup_stm32f767xx.o(STACK)
    __initial_sp                             0x20000898   Data           0  startup_stm32f767xx.o(STACK)
    .ARM.__AT_0xC0000000                     0xc0000000   Section    2048000  lcd.o(.ARM.__AT_0xC0000000)

    Global Symbols

    Symbol Name                              Value     Ov Type        Size  Object(Section)

    BuildAttributes$$THM_ISAv4$E$P$D$K$B$S$7EM$VFPv5_D16$PE$PLD8$A:L22UL41UL21$X:L11$S22US41US21$IEEE1$IW$USESV6$~STKCKD$USESV7$~SHL$OSPACE$ROPI$EBA8$UX$STANDARDLIB$REQ8$PRES8$EABIv2 0x00000000   Number         0  anon$$obj.o ABSOLUTE
    __ARM_use_no_argv                        0x00000000   Number         0  main.o ABSOLUTE
    __ARM_exceptions_init                     - Undefined Weak Reference
    __alloca_initialize                       - Undefined Weak Reference
    __arm_preinit_                            - Undefined Weak Reference
    __cpp_initialize__aeabi_                  - Undefined Weak Reference
    __cxa_finalize                            - Undefined Weak Reference
    __rt_locale                               - Undefined Weak Reference
    __sigvec_lookup                           - Undefined Weak Reference
    _atexit_init                              - Undefined Weak Reference
    _call_atexit_fns                          - Undefined Weak Reference
    _clock_init                               - Undefined Weak Reference
    _fp_trap_init                             - Undefined Weak Reference
    _fp_trap_shutdown                         - Undefined Weak Reference
    _get_lc_collate                           - Undefined Weak Reference
    _get_lc_ctype                             - Undefined Weak Reference
    _get_lc_monetary                          - Undefined Weak Reference
    _get_lc_numeric                           - Undefined Weak Reference
    _get_lc_time                              - Undefined Weak Reference
    _getenv_init                              - Undefined Weak Reference
    _handle_redirection                       - Undefined Weak Reference
    _init_alloc                               - Undefined Weak Reference
    _init_user_alloc                          - Undefined Weak Reference
    _initio                                   - Undefined Weak Reference
    _rand_init                                - Undefined Weak Reference
    _signal_finish                            - Undefined Weak Reference
    _signal_init                              - Undefined Weak Reference
    _terminate_alloc                          - Undefined Weak Reference
    _terminate_user_alloc                     - Undefined Weak Reference
    _terminateio                              - Undefined Weak Reference
    __Vectors_Size                           0x000001f8   Number         0  startup_stm32f767xx.o ABSOLUTE
    __Vectors                                0x08000000   Data           4  startup_stm32f767xx.o(RESET)
    __Vectors_End                            0x080001f8   Data           0  startup_stm32f767xx.o(RESET)
    __main                                   0x080001f9   Thumb Code     8  __main.o(!!!main)
    __scatterload                            0x08000201   Thumb Code     0  __scatter.o(!!!scatter)
    __scatterload_rt2                        0x08000201   Thumb Code    44  __scatter.o(!!!scatter)
    __scatterload_rt2_thumb_only             0x08000201   Thumb Code     0  __scatter.o(!!!scatter)
    __scatterload_null                       0x0800020f   Thumb Code     0  __scatter.o(!!!scatter)
    __scatterload_copy                       0x08000235   Thumb Code    26  __scatter_copy.o(!!handler_copy)
    __scatterload_zeroinit                   0x08000251   Thumb Code    28  __scatter_zi.o(!!handler_zi)
    __rt_lib_init                            0x0800026d   Thumb Code     0  libinit.o(.ARM.Collect$$libinit$$00000000)
    __rt_lib_init_fp_1                       0x0800026f   Thumb Code     0  libinit2.o(.ARM.Collect$$libinit$$00000001)
    __rt_lib_init_alloca_1                   0x08000273   Thumb Code     0  libinit2.o(.ARM.Collect$$libinit$$0000002E)
    __rt_lib_init_argv_1                     0x08000273   Thumb Code     0  libinit2.o(.ARM.Collect$$libinit$$0000002C)
    __rt_lib_init_atexit_1                   0x08000273   Thumb Code     0  libinit2.o(.ARM.Collect$$libinit$$0000001B)
    __rt_lib_init_clock_1                    0x08000273   Thumb Code     0  libinit2.o(.ARM.Collect$$libinit$$00000021)
    __rt_lib_init_cpp_1                      0x08000273   Thumb Code     0  libinit2.o(.ARM.Collect$$libinit$$00000032)
    __rt_lib_init_exceptions_1               0x08000273   Thumb Code     0  libinit2.o(.ARM.Collect$$libinit$$00000030)
    __rt_lib_init_fp_trap_1                  0x08000273   Thumb Code     0  libinit2.o(.ARM.Collect$$libinit$$0000001F)
    __rt_lib_init_getenv_1                   0x08000273   Thumb Code     0  libinit2.o(.ARM.Collect$$libinit$$00000023)
    __rt_lib_init_heap_1                     0x08000273   Thumb Code     0  libinit2.o(.ARM.Collect$$libinit$$0000000A)
    __rt_lib_init_lc_collate_1               0x08000273   Thumb Code     0  libinit2.o(.ARM.Collect$$libinit$$00000011)
    __rt_lib_init_lc_ctype_1                 0x08000273   Thumb Code     0  libinit2.o(.ARM.Collect$$libinit$$00000013)
    __rt_lib_init_lc_monetary_1              0x08000273   Thumb Code     0  libinit2.o(.ARM.Collect$$libinit$$00000015)
    __rt_lib_init_lc_numeric_1               0x08000273   Thumb Code     0  libinit2.o(.ARM.Collect$$libinit$$00000017)
    __rt_lib_init_lc_time_1                  0x08000273   Thumb Code     0  libinit2.o(.ARM.Collect$$libinit$$00000019)
    __rt_lib_init_preinit_1                  0x08000273   Thumb Code     0  libinit2.o(.ARM.Collect$$libinit$$00000004)
    __rt_lib_init_rand_1                     0x08000273   Thumb Code     0  libinit2.o(.ARM.Collect$$libinit$$0000000E)
    __rt_lib_init_return                     0x08000273   Thumb Code     0  libinit2.o(.ARM.Collect$$libinit$$00000033)
    __rt_lib_init_signal_1                   0x08000273   Thumb Code     0  libinit2.o(.ARM.Collect$$libinit$$0000001D)
    __rt_lib_init_stdio_1                    0x08000273   Thumb Code     0  libinit2.o(.ARM.Collect$$libinit$$00000025)
    __rt_lib_init_user_alloc_1               0x08000273   Thumb Code     0  libinit2.o(.ARM.Collect$$libinit$$0000000C)
    __rt_lib_shutdown                        0x08000275   Thumb Code     0  libshutdown.o(.ARM.Collect$$libshutdown$$00000000)
    __rt_lib_shutdown_cpp_1                  0x08000277   Thumb Code     0  libshutdown2.o(.ARM.Collect$$libshutdown$$00000002)
    __rt_lib_shutdown_fp_trap_1              0x08000277   Thumb Code     0  libshutdown2.o(.ARM.Collect$$libshutdown$$00000007)
    __rt_lib_shutdown_heap_1                 0x08000277   Thumb Code     0  libshutdown2.o(.ARM.Collect$$libshutdown$$0000000F)
    __rt_lib_shutdown_return                 0x08000277   Thumb Code     0  libshutdown2.o(.ARM.Collect$$libshutdown$$00000010)
    __rt_lib_shutdown_signal_1               0x08000277   Thumb Code     0  libshutdown2.o(.ARM.Collect$$libshutdown$$0000000A)
    __rt_lib_shutdown_stdio_1                0x08000277   Thumb Code     0  libshutdown2.o(.ARM.Collect$$libshutdown$$00000004)
    __rt_lib_shutdown_user_alloc_1           0x08000277   Thumb Code     0  libshutdown2.o(.ARM.Collect$$libshutdown$$0000000C)
    __rt_entry                               0x08000279   Thumb Code     0  __rtentry.o(.ARM.Collect$$rtentry$$00000000)
    __rt_entry_presh_1                       0x08000279   Thumb Code     0  __rtentry2.o(.ARM.Collect$$rtentry$$00000002)
    __rt_entry_sh                            0x08000279   Thumb Code     0  __rtentry4.o(.ARM.Collect$$rtentry$$00000004)
    __rt_entry_li                            0x0800027f   Thumb Code     0  __rtentry2.o(.ARM.Collect$$rtentry$$0000000A)
    __rt_entry_postsh_1                      0x0800027f   Thumb Code     0  __rtentry2.o(.ARM.Collect$$rtentry$$00000009)
    __rt_entry_main                          0x08000283   Thumb Code     0  __rtentry2.o(.ARM.Collect$$rtentry$$0000000D)
    __rt_entry_postli_1                      0x08000283   Thumb Code     0  __rtentry2.o(.ARM.Collect$$rtentry$$0000000C)
    __rt_exit                                0x0800028b   Thumb Code     0  rtexit.o(.ARM.Collect$$rtexit$$00000000)
    __rt_exit_ls                             0x0800028d   Thumb Code     0  rtexit2.o(.ARM.Collect$$rtexit$$00000003)
    __rt_exit_prels_1                        0x0800028d   Thumb Code     0  rtexit2.o(.ARM.Collect$$rtexit$$00000002)
    __rt_exit_exit                           0x08000291   Thumb Code     0  rtexit2.o(.ARM.Collect$$rtexit$$00000004)
    Reset_Handler                            0x08000299   Thumb Code     8  startup_stm32f767xx.o(.text)
    ADC_IRQHandler                           0x080002b3   Thumb Code     0  startup_stm32f767xx.o(.text)
    CAN1_RX0_IRQHandler                      0x080002b3   Thumb Code     0  startup_stm32f767xx.o(.text)
    CAN1_RX1_IRQHandler                      0x080002b3   Thumb Code     0  startup_stm32f767xx.o(.text)
    CAN1_SCE_IRQHandler                      0x080002b3   Thumb Code     0  startup_stm32f767xx.o(.text)
    CAN1_TX_IRQHandler                       0x080002b3   Thumb Code     0  startup_stm32f767xx.o(.text)
    CAN2_RX0_IRQHandler                      0x080002b3   Thumb Code     0  startup_stm32f767xx.o(.text)
    CAN2_RX1_IRQHandler                      0x080002b3   Thumb Code     0  startup_stm32f767xx.o(.text)
    CAN2_SCE_IRQHandler                      0x080002b3   Thumb Code     0  startup_stm32f767xx.o(.text)
    CAN2_TX_IRQHandler                       0x080002b3   Thumb Code     0  startup_stm32f767xx.o(.text)
    CAN3_RX0_IRQHandler                      0x080002b3   Thumb Code     0  startup_stm32f767xx.o(.text)
    CAN3_RX1_IRQHandler                      0x080002b3   Thumb Code     0  startup_stm32f767xx.o(.text)
    CAN3_SCE_IRQHandler                      0x080002b3   Thumb Code     0  startup_stm32f767xx.o(.text)
    CAN3_TX_IRQHandler                       0x080002b3   Thumb Code     0  startup_stm32f767xx.o(.text)
    CEC_IRQHandler                           0x080002b3   Thumb Code     0  startup_stm32f767xx.o(.text)
    DCMI_IRQHandler                          0x080002b3   Thumb Code     0  startup_stm32f767xx.o(.text)
    DFSDM1_FLT0_IRQHandler                   0x080002b3   Thumb Code     0  startup_stm32f767xx.o(.text)
    DFSDM1_FLT1_IRQHandler                   0x080002b3   Thumb Code     0  startup_stm32f767xx.o(.text)
    DFSDM1_FLT2_IRQHandler                   0x080002b3   Thumb Code     0  startup_stm32f767xx.o(.text)
    DFSDM1_FLT3_IRQHandler                   0x080002b3   Thumb Code     0  startup_stm32f767xx.o(.text)
    DMA1_Stream0_IRQHandler                  0x080002b3   Thumb Code     0  startup_stm32f767xx.o(.text)
    DMA1_Stream1_IRQHandler                  0x080002b3   Thumb Code     0  startup_stm32f767xx.o(.text)
    DMA1_Stream2_IRQHandler                  0x080002b3   Thumb Code     0  startup_stm32f767xx.o(.text)
    DMA1_Stream3_IRQHandler                  0x080002b3   Thumb Code     0  startup_stm32f767xx.o(.text)
    DMA1_Stream4_IRQHandler                  0x080002b3   Thumb Code     0  startup_stm32f767xx.o(.text)
    DMA1_Stream5_IRQHandler                  0x080002b3   Thumb Code     0  startup_stm32f767xx.o(.text)
    DMA1_Stream6_IRQHandler                  0x080002b3   Thumb Code     0  startup_stm32f767xx.o(.text)
    DMA1_Stream7_IRQHandler                  0x080002b3   Thumb Code     0  startup_stm32f767xx.o(.text)
    DMA2D_IRQHandler                         0x080002b3   Thumb Code     0  startup_stm32f767xx.o(.text)
    DMA2_Stream0_IRQHandler                  0x080002b3   Thumb Code     0  startup_stm32f767xx.o(.text)
    DMA2_Stream1_IRQHandler                  0x080002b3   Thumb Code     0  startup_stm32f767xx.o(.text)
    DMA2_Stream2_IRQHandler                  0x080002b3   Thumb Code     0  startup_stm32f767xx.o(.text)
    DMA2_Stream3_IRQHandler                  0x080002b3   Thumb Code     0  startup_stm32f767xx.o(.text)
    DMA2_Stream4_IRQHandler                  0x080002b3   Thumb Code     0  startup_stm32f767xx.o(.text)
    DMA2_Stream5_IRQHandler                  0x080002b3   Thumb Code     0  startup_stm32f767xx.o(.text)
    DMA2_Stream6_IRQHandler                  0x080002b3   Thumb Code     0  startup_stm32f767xx.o(.text)
    DMA2_Stream7_IRQHandler                  0x080002b3   Thumb Code     0  startup_stm32f767xx.o(.text)
    ETH_IRQHandler                           0x080002b3   Thumb Code     0  startup_stm32f767xx.o(.text)
    ETH_WKUP_IRQHandler                      0x080002b3   Thumb Code     0  startup_stm32f767xx.o(.text)
    EXTI0_IRQHandler                         0x080002b3   Thumb Code     0  startup_stm32f767xx.o(.text)
    EXTI15_10_IRQHandler                     0x080002b3   Thumb Code     0  startup_stm32f767xx.o(.text)
    EXTI1_IRQHandler                         0x080002b3   Thumb Code     0  startup_stm32f767xx.o(.text)
    EXTI2_IRQHandler                         0x080002b3   Thumb Code     0  startup_stm32f767xx.o(.text)
    EXTI3_IRQHandler                         0x080002b3   Thumb Code     0  startup_stm32f767xx.o(.text)
    EXTI4_IRQHandler                         0x080002b3   Thumb Code     0  startup_stm32f767xx.o(.text)
    EXTI9_5_IRQHandler                       0x080002b3   Thumb Code     0  startup_stm32f767xx.o(.text)
    FLASH_IRQHandler                         0x080002b3   Thumb Code     0  startup_stm32f767xx.o(.text)
    FMC_IRQHandler                           0x080002b3   Thumb Code     0  startup_stm32f767xx.o(.text)
    FPU_IRQHandler                           0x080002b3   Thumb Code     0  startup_stm32f767xx.o(.text)
    I2C1_ER_IRQHandler                       0x080002b3   Thumb Code     0  startup_stm32f767xx.o(.text)
    I2C1_EV_IRQHandler                       0x080002b3   Thumb Code     0  startup_stm32f767xx.o(.text)
    I2C2_ER_IRQHandler                       0x080002b3   Thumb Code     0  startup_stm32f767xx.o(.text)
    I2C2_EV_IRQHandler                       0x080002b3   Thumb Code     0  startup_stm32f767xx.o(.text)
    I2C3_ER_IRQHandler                       0x080002b3   Thumb Code     0  startup_stm32f767xx.o(.text)
    I2C3_EV_IRQHandler                       0x080002b3   Thumb Code     0  startup_stm32f767xx.o(.text)
    I2C4_ER_IRQHandler                       0x080002b3   Thumb Code     0  startup_stm32f767xx.o(.text)
    I2C4_EV_IRQHandler                       0x080002b3   Thumb Code     0  startup_stm32f767xx.o(.text)
    JPEG_IRQHandler                          0x080002b3   Thumb Code     0  startup_stm32f767xx.o(.text)
    LPTIM1_IRQHandler                        0x080002b3   Thumb Code     0  startup_stm32f767xx.o(.text)
    LTDC_ER_IRQHandler                       0x080002b3   Thumb Code     0  startup_stm32f767xx.o(.text)
    LTDC_IRQHandler                          0x080002b3   Thumb Code     0  startup_stm32f767xx.o(.text)
    MDIOS_IRQHandler                         0x080002b3   Thumb Code     0  startup_stm32f767xx.o(.text)
    OTG_FS_IRQHandler                        0x080002b3   Thumb Code     0  startup_stm32f767xx.o(.text)
    OTG_FS_WKUP_IRQHandler                   0x080002b3   Thumb Code     0  startup_stm32f767xx.o(.text)
    OTG_HS_EP1_IN_IRQHandler                 0x080002b3   Thumb Code     0  startup_stm32f767xx.o(.text)
    OTG_HS_EP1_OUT_IRQHandler                0x080002b3   Thumb Code     0  startup_stm32f767xx.o(.text)
    OTG_HS_IRQHandler                        0x080002b3   Thumb Code     0  startup_stm32f767xx.o(.text)
    OTG_HS_WKUP_IRQHandler                   0x080002b3   Thumb Code     0  startup_stm32f767xx.o(.text)
    PVD_IRQHandler                           0x080002b3   Thumb Code     0  startup_stm32f767xx.o(.text)
    QUADSPI_IRQHandler                       0x080002b3   Thumb Code     0  startup_stm32f767xx.o(.text)
    RCC_IRQHandler                           0x080002b3   Thumb Code     0  startup_stm32f767xx.o(.text)
    RNG_IRQHandler                           0x080002b3   Thumb Code     0  startup_stm32f767xx.o(.text)
    RTC_Alarm_IRQHandler                     0x080002b3   Thumb Code     0  startup_stm32f767xx.o(.text)
    RTC_WKUP_IRQHandler                      0x080002b3   Thumb Code     0  startup_stm32f767xx.o(.text)
    SAI1_IRQHandler                          0x080002b3   Thumb Code     0  startup_stm32f767xx.o(.text)
    SAI2_IRQHandler                          0x080002b3   Thumb Code     0  startup_stm32f767xx.o(.text)
    SDMMC1_IRQHandler                        0x080002b3   Thumb Code     0  startup_stm32f767xx.o(.text)
    SDMMC2_IRQHandler                        0x080002b3   Thumb Code     0  startup_stm32f767xx.o(.text)
    SPDIF_RX_IRQHandler                      0x080002b3   Thumb Code     0  startup_stm32f767xx.o(.text)
    SPI1_IRQHandler                          0x080002b3   Thumb Code     0  startup_stm32f767xx.o(.text)
    SPI2_IRQHandler                          0x080002b3   Thumb Code     0  startup_stm32f767xx.o(.text)
    SPI3_IRQHandler                          0x080002b3   Thumb Code     0  startup_stm32f767xx.o(.text)
    SPI4_IRQHandler                          0x080002b3   Thumb Code     0  startup_stm32f767xx.o(.text)
    SPI5_IRQHandler                          0x080002b3   Thumb Code     0  startup_stm32f767xx.o(.text)
    SPI6_IRQHandler                          0x080002b3   Thumb Code     0  startup_stm32f767xx.o(.text)
    TAMP_STAMP_IRQHandler                    0x080002b3   Thumb Code     0  startup_stm32f767xx.o(.text)
    TIM1_BRK_TIM9_IRQHandler                 0x080002b3   Thumb Code     0  startup_stm32f767xx.o(.text)
    TIM1_CC_IRQHandler                       0x080002b3   Thumb Code     0  startup_stm32f767xx.o(.text)
    TIM1_TRG_COM_TIM11_IRQHandler            0x080002b3   Thumb Code     0  startup_stm32f767xx.o(.text)
    TIM1_UP_TIM10_IRQHandler                 0x080002b3   Thumb Code     0  startup_stm32f767xx.o(.text)
    TIM2_IRQHandler                          0x080002b3   Thumb Code     0  startup_stm32f767xx.o(.text)
    TIM3_IRQHandler                          0x080002b3   Thumb Code     0  startup_stm32f767xx.o(.text)
    TIM4_IRQHandler                          0x080002b3   Thumb Code     0  startup_stm32f767xx.o(.text)
    TIM5_IRQHandler                          0x080002b3   Thumb Code     0  startup_stm32f767xx.o(.text)
    TIM6_DAC_IRQHandler                      0x080002b3   Thumb Code     0  startup_stm32f767xx.o(.text)
    TIM7_IRQHandler                          0x080002b3   Thumb Code     0  startup_stm32f767xx.o(.text)
    TIM8_BRK_TIM12_IRQHandler                0x080002b3   Thumb Code     0  startup_stm32f767xx.o(.text)
    TIM8_CC_IRQHandler                       0x080002b3   Thumb Code     0  startup_stm32f767xx.o(.text)
    TIM8_TRG_COM_TIM14_IRQHandler            0x080002b3   Thumb Code     0  startup_stm32f767xx.o(.text)
    TIM8_UP_TIM13_IRQHandler                 0x080002b3   Thumb Code     0  startup_stm32f767xx.o(.text)
    UART4_IRQHandler                         0x080002b3   Thumb Code     0  startup_stm32f767xx.o(.text)
    UART5_IRQHandler                         0x080002b3   Thumb Code     0  startup_stm32f767xx.o(.text)
    UART7_IRQHandler                         0x080002b3   Thumb Code     0  startup_stm32f767xx.o(.text)
    UART8_IRQHandler                         0x080002b3   Thumb Code     0  startup_stm32f767xx.o(.text)
    USART1_IRQHandler                        0x080002b3   Thumb Code     0  startup_stm32f767xx.o(.text)
    USART2_IRQHandler                        0x080002b3   Thumb Code     0  startup_stm32f767xx.o(.text)
    USART3_IRQHandler                        0x080002b3   Thumb Code     0  startup_stm32f767xx.o(.text)
    USART6_IRQHandler                        0x080002b3   Thumb Code     0  startup_stm32f767xx.o(.text)
    WWDG_IRQHandler                          0x080002b3   Thumb Code     0  startup_stm32f767xx.o(.text)
    __user_initial_stackheap                 0x080002b5   Thumb Code     0  startup_stm32f767xx.o(.text)
    __aeabi_uldivmod                         0x080002d9   Thumb Code     0  lludivv7m.o(.text)
    _ll_udiv                                 0x080002d9   Thumb Code   238  lludivv7m.o(.text)
    __aeabi_memcpy4                          0x080003c7   Thumb Code     0  rt_memcpy_w.o(.text)
    __aeabi_memcpy8                          0x080003c7   Thumb Code     0  rt_memcpy_w.o(.text)
    __rt_memcpy_w                            0x080003c7   Thumb Code   100  rt_memcpy_w.o(.text)
    _memcpy_lastbytes_aligned                0x0800040f   Thumb Code     0  rt_memcpy_w.o(.text)
    __aeabi_memclr4                          0x0800042b   Thumb Code     0  rt_memclr_w.o(.text)
    __aeabi_memclr8                          0x0800042b   Thumb Code     0  rt_memclr_w.o(.text)
    __rt_memclr_w                            0x0800042b   Thumb Code    78  rt_memclr_w.o(.text)
    _memset_w                                0x0800042f   Thumb Code     0  rt_memclr_w.o(.text)
    __use_two_region_memory                  0x08000479   Thumb Code     2  heapauxi.o(.text)
    __rt_heap_escrow$2region                 0x0800047b   Thumb Code     2  heapauxi.o(.text)
    __rt_heap_expand$2region                 0x0800047d   Thumb Code     2  heapauxi.o(.text)
    __user_setup_stackheap                   0x0800047f   Thumb Code    74  sys_stackheap_outer.o(.text)
    exit                                     0x080004c9   Thumb Code    18  exit.o(.text)
    __user_libspace                          0x080004dd   Thumb Code     8  libspace.o(.text)
    __user_perproc_libspace                  0x080004dd   Thumb Code     0  libspace.o(.text)
    __user_perthread_libspace                0x080004dd   Thumb Code     0  libspace.o(.text)
    _sys_exit                                0x080004e5   Thumb Code     8  sys_exit.o(.text)
    __I$use$semihosting                      0x080004f1   Thumb Code     0  use_no_semi.o(.text)
    __use_no_semihosting_swi                 0x080004f1   Thumb Code     2  use_no_semi.o(.text)
    BusFault_Handler                         0x080004f3   Thumb Code     2  stm32f7xx_it.o(i.BusFault_Handler)
    __semihosting_library_function           0x080004f3   Thumb Code     0  indicate_semi.o(.text)
    DebugMon_Handler                         0x080004f5   Thumb Code     2  stm32f7xx_it.o(i.DebugMon_Handler)
    Error_Handler                            0x080004f7   Thumb Code     4  main.o(i.Error_Handler)
    FMC_SDRAM_Init                           0x080004fb   Thumb Code   106  stm32f7xx_ll_fmc.o(i.FMC_SDRAM_Init)
    FMC_SDRAM_ProgramRefreshRate             0x08000565   Thumb Code    18  stm32f7xx_ll_fmc.o(i.FMC_SDRAM_ProgramRefreshRate)
    FMC_SDRAM_SendCommand                    0x08000577   Thumb Code    38  stm32f7xx_ll_fmc.o(i.FMC_SDRAM_SendCommand)
    FMC_SDRAM_Timing_Init                    0x0800059d   Thumb Code   164  stm32f7xx_ll_fmc.o(i.FMC_SDRAM_Timing_Init)
    HAL_DMA2D_ConfigLayer                    0x0800064d   Thumb Code   178  stm32f7xx_hal_dma2d.o(i.HAL_DMA2D_ConfigLayer)
    HAL_DMA2D_Init                           0x08000705   Thumb Code   112  stm32f7xx_hal_dma2d.o(i.HAL_DMA2D_Init)
    HAL_DMA2D_MspInit                        0x08000775   Thumb Code    30  dma2d.o(i.HAL_DMA2D_MspInit)
    HAL_Delay                                0x0800079d   Thumb Code    32  stm32f7xx_hal.o(i.HAL_Delay)
    HAL_GPIO_Init                            0x08000871   Thumb Code   530  stm32f7xx_hal_gpio.o(i.HAL_GPIO_Init)
    HAL_GPIO_TogglePin                       0x08000ab9   Thumb Code    16  stm32f7xx_hal_gpio.o(i.HAL_GPIO_TogglePin)
    HAL_GPIO_WritePin                        0x08000ac9   Thumb Code    10  stm32f7xx_hal_gpio.o(i.HAL_GPIO_WritePin)
    HAL_GetTick                              0x08000ad5   Thumb Code     6  stm32f7xx_hal.o(i.HAL_GetTick)
    HAL_IncTick                              0x08000ae1   Thumb Code    12  stm32f7xx_hal.o(i.HAL_IncTick)
    HAL_Init                                 0x08000af1   Thumb Code    22  stm32f7xx_hal.o(i.HAL_Init)
    HAL_InitTick                             0x08000b09   Thumb Code    54  stm32f7xx_hal.o(i.HAL_InitTick)
    HAL_LTDC_ConfigLayer                     0x08000b49   Thumb Code    82  stm32f7xx_hal_ltdc.o(i.HAL_LTDC_ConfigLayer)
    HAL_LTDC_Init                            0x08000b9d   Thumb Code   242  stm32f7xx_hal_ltdc.o(i.HAL_LTDC_Init)
    HAL_LTDC_MspInit                         0x08000c95   Thumb Code   264  ltdc.o(i.HAL_LTDC_MspInit)
    HAL_LTDC_SetWindowPosition               0x08000db5   Thumb Code    84  stm32f7xx_hal_ltdc.o(i.HAL_LTDC_SetWindowPosition)
    HAL_LTDC_SetWindowSize                   0x08000e09   Thumb Code    84  stm32f7xx_hal_ltdc.o(i.HAL_LTDC_SetWindowSize)
    HAL_MspInit                              0x08000e5d   Thumb Code    42  stm32f7xx_hal_msp.o(i.HAL_MspInit)
    HAL_NVIC_SetPriority                     0x08000e8d   Thumb Code    60  stm32f7xx_hal_cortex.o(i.HAL_NVIC_SetPriority)
    HAL_NVIC_SetPriorityGrouping             0x08000ecd   Thumb Code    28  stm32f7xx_hal_cortex.o(i.HAL_NVIC_SetPriorityGrouping)
    HAL_PWREx_EnableOverDrive                0x08000ef1   Thumb Code   100  stm32f7xx_hal_pwr_ex.o(i.HAL_PWREx_EnableOverDrive)
    HAL_PWR_EnableBkUpAccess                 0x08000f5d   Thumb Code    12  stm32f7xx_hal_pwr.o(i.HAL_PWR_EnableBkUpAccess)
    HAL_RCCEx_PeriphCLKConfig                0x08000f6d   Thumb Code  1336  stm32f7xx_hal_rcc_ex.o(i.HAL_RCCEx_PeriphCLKConfig)
    HAL_RCC_ClockConfig                      0x080014a9   Thumb Code   284  stm32f7xx_hal_rcc.o(i.HAL_RCC_ClockConfig)
    HAL_RCC_GetSysClockFreq                  0x080015d9   Thumb Code    88  stm32f7xx_hal_rcc.o(i.HAL_RCC_GetSysClockFreq)
    HAL_RCC_OscConfig                        0x0800163d   Thumb Code   906  stm32f7xx_hal_rcc.o(i.HAL_RCC_OscConfig)
    HAL_SDRAM_Init                           0x080019d5   Thumb Code    66  stm32f7xx_hal_sdram.o(i.HAL_SDRAM_Init)
    HAL_SDRAM_MspInit                        0x08001a17   Thumb Code     4  fmc.o(i.HAL_SDRAM_MspInit)
    HAL_SDRAM_ProgramRefreshRate             0x08001a1b   Thumb Code    46  stm32f7xx_hal_sdram.o(i.HAL_SDRAM_ProgramRefreshRate)
    HAL_SDRAM_SendCommand                    0x08001a49   Thumb Code    60  stm32f7xx_hal_sdram.o(i.HAL_SDRAM_SendCommand)
    HAL_SYSTICK_Config                       0x08001a85   Thumb Code    38  stm32f7xx_hal_cortex.o(i.HAL_SYSTICK_Config)
    HardFault_Handler                        0x08001aab   Thumb Code     2  stm32f7xx_it.o(i.HardFault_Handler)
    LCD_Clear                                0x08001aad   Thumb Code    58  lcd.o(i.LCD_Clear)
    LCD_Display_Dir                          0x08001af5   Thumb Code   234  lcd.o(i.LCD_Display_Dir)
    LCD_Fast_DrawPoint                       0x08001be9   Thumb Code   230  lcd.o(i.LCD_Fast_DrawPoint)
    LCD_Init                                 0x08001cdd   Thumb Code   242  lcd.o(i.LCD_Init)
    LCD_Scan_Dir                             0x08001ded   Thumb Code   434  lcd.o(i.LCD_Scan_Dir)
    LCD_SetCursor                            0x08001fa5   Thumb Code   254  lcd.o(i.LCD_SetCursor)
    LCD_ShowChar                             0x080020a9   Thumb Code   204  lcd.o(i.LCD_ShowChar)
    LCD_ShowString                           0x0800218d   Thumb Code    84  lcd.o(i.LCD_ShowString)
    LCD_WR_DATA                              0x080021e1   Thumb Code    20  lcd.o(i.LCD_WR_DATA)
    LCD_WR_REG                               0x080021f9   Thumb Code    20  lcd.o(i.LCD_WR_REG)
    LCD_WriteRAM_Prepare                     0x08002211   Thumb Code    10  lcd.o(i.LCD_WriteRAM_Prepare)
    LCD_WriteReg                             0x08002225   Thumb Code    10  lcd.o(i.LCD_WriteReg)
    LTDC_Clear                               0x08002235   Thumb Code    28  ltdc.o(i.LTDC_Clear)
    LTDC_Display_Dir                         0x08002255   Thumb Code    32  ltdc.o(i.LTDC_Display_Dir)
    LTDC_Draw_Point                          0x08002279   Thumb Code    52  ltdc.o(i.LTDC_Draw_Point)
    LTDC_Fill                                0x080022b5   Thumb Code   162  ltdc.o(i.LTDC_Fill)
    LTDC_Layer_Parameter_Config              0x08002369   Thumb Code    86  lcd.o(i.LTDC_Layer_Parameter_Config)
    LTDC_Select_Layer                        0x080023c9   Thumb Code     6  ltdc.o(i.LTDC_Select_Layer)
    LTDC_Test                                0x080025a5   Thumb Code   236  main.o(i.LTDC_Test)
    MX_DMA2D_Init                            0x080026e1   Thumb Code    62  dma2d.o(i.MX_DMA2D_Init)
    MX_FMC_Init                              0x08002729   Thumb Code    98  fmc.o(i.MX_FMC_Init)
    MX_GPIO_Init                             0x08002795   Thumb Code   190  gpio.o(i.MX_GPIO_Init)
    MX_LTDC_Init                             0x0800285d   Thumb Code   220  ltdc.o(i.MX_LTDC_Init)
    MemManage_Handler                        0x08002941   Thumb Code     2  stm32f7xx_it.o(i.MemManage_Handler)
    NMI_Handler                              0x08002943   Thumb Code     2  stm32f7xx_it.o(i.NMI_Handler)
    PendSV_Handler                           0x08002945   Thumb Code     2  stm32f7xx_it.o(i.PendSV_Handler)
    SDRAM_Initialization_Sequence            0x08002949   Thumb Code    72  fmc.o(i.SDRAM_Initialization_Sequence)
    SDRAM_Send_Cmd                           0x08002995   Thumb Code    50  fmc.o(i.SDRAM_Send_Cmd)
    SVC_Handler                              0x080029cd   Thumb Code     2  stm32f7xx_it.o(i.SVC_Handler)
    SysTick_Handler                          0x080029cf   Thumb Code     4  stm32f7xx_it.o(i.SysTick_Handler)
    SystemClock_Config                       0x080029d5   Thumb Code   156  main.o(i.SystemClock_Config)
    SystemInit                               0x08002a79   Thumb Code    12  system_stm32f7xx.o(i.SystemInit)
    UsageFault_Handler                       0x08002a89   Thumb Code     2  stm32f7xx_it.o(i.UsageFault_Handler)
    main                                     0x08002aad   Thumb Code    50  main.o(i.main)
    _fp_init                                 0x08002ae5   Thumb Code    10  fpinit.o(x$fpl$fpinit)
    __fplib_config_fpu_vfp                   0x08002aed   Thumb Code     0  fpinit.o(x$fpl$fpinit)
    __fplib_config_pureend_doubles           0x08002aed   Thumb Code     0  fpinit.o(x$fpl$fpinit)
    asc2_1206                                0x08002aee   Data        1140  lcd.o(.constdata)
    asc2_1608                                0x08002f62   Data        1520  lcd.o(.constdata)
    asc2_2412                                0x08003552   Data        3420  lcd.o(.constdata)
    asc2_3216                                0x080042ae   Data       12160  lcd.o(.constdata)
    AHBPrescTable                            0x0800722e   Data          16  system_stm32f7xx.o(.constdata)
    Region$$Table$$Base                      0x08007240   Number         0  anon$$obj.o(Region$$Table)
    Region$$Table$$Limit                     0x08007260   Number         0  anon$$obj.o(Region$$Table)
    ltdc_framebuf                            0x2000000c   Data           8  ltdc.o(.data)
    POINT_COLOR                              0x20000014   Data           4  lcd.o(.data)
    BACK_COLOR                               0x20000018   Data           4  lcd.o(.data)
    uwTickFreq                               0x2000001c   Data           1  stm32f7xx_hal.o(.data)
    uwTickPrio                               0x20000020   Data           4  stm32f7xx_hal.o(.data)
    uwTick                                   0x20000024   Data           4  stm32f7xx_hal.o(.data)
    SystemCoreClock                          0x20000028   Data           4  system_stm32f7xx.o(.data)
    hdma2d                                   0x2000002c   Data          88  dma2d.o(.bss)
    hsdram1                                  0x20000084   Data          52  fmc.o(.bss)
    LTDC_Handler                             0x200000b8   Data         168  ltdc.o(.bss)
    lcdltdc                                  0x20000160   Data          32  ltdc.o(.bss)
    hltdc                                    0x20000180   Data         168  ltdc.o(.bss)
    lcddev                                   0x20000228   Data          14  lcd.o(.bss)
    __libspace_start                         0x20000238   Data          96  libspace.o(.bss)
    __temporary_stack_top$libspace           0x20000298   Data           0  libspace.o(.bss)
    ltdc_lcd_framebuf                        0xc0000000   Data       2048000  lcd.o(.ARM.__AT_0xC0000000)



==============================================================================

Memory Map of the image

  Image Entry point : 0x080001f9

  Load Region LR_IROM1 (Base: 0x08000000, Size: 0x0000728c, Max: 0x00100000, ABSOLUTE)

    Execution Region ER_IROM1 (Base: 0x08000000, Size: 0x00007260, Max: 0x00100000, ABSOLUTE)

    Base Addr    Size         Type   Attr      Idx    E Section Name        Object

    0x08000000   0x000001f8   Data   RO            3    RESET               startup_stm32f767xx.o
    0x080001f8   0x00000008   Code   RO         3343  * !!!main             c_w.l(__main.o)
    0x08000200   0x00000034   Code   RO         3510    !!!scatter          c_w.l(__scatter.o)
    0x08000234   0x0000001a   Code   RO         3512    !!handler_copy      c_w.l(__scatter_copy.o)
    0x0800024e   0x00000002   PAD
    0x08000250   0x0000001c   Code   RO         3514    !!handler_zi        c_w.l(__scatter_zi.o)
    0x0800026c   0x00000002   Code   RO         3380    .ARM.Collect$$libinit$$00000000  c_w.l(libinit.o)
    0x0800026e   0x00000004   Code   RO         3392    .ARM.Collect$$libinit$$00000001  c_w.l(libinit2.o)
    0x08000272   0x00000000   Code   RO         3395    .ARM.Collect$$libinit$$00000004  c_w.l(libinit2.o)
    0x08000272   0x00000000   Code   RO         3398    .ARM.Collect$$libinit$$0000000A  c_w.l(libinit2.o)
    0x08000272   0x00000000   Code   RO         3400    .ARM.Collect$$libinit$$0000000C  c_w.l(libinit2.o)
    0x08000272   0x00000000   Code   RO         3402    .ARM.Collect$$libinit$$0000000E  c_w.l(libinit2.o)
    0x08000272   0x00000000   Code   RO         3405    .ARM.Collect$$libinit$$00000011  c_w.l(libinit2.o)
    0x08000272   0x00000000   Code   RO         3407    .ARM.Collect$$libinit$$00000013  c_w.l(libinit2.o)
    0x08000272   0x00000000   Code   RO         3409    .ARM.Collect$$libinit$$00000015  c_w.l(libinit2.o)
    0x08000272   0x00000000   Code   RO         3411    .ARM.Collect$$libinit$$00000017  c_w.l(libinit2.o)
    0x08000272   0x00000000   Code   RO         3413    .ARM.Collect$$libinit$$00000019  c_w.l(libinit2.o)
    0x08000272   0x00000000   Code   RO         3415    .ARM.Collect$$libinit$$0000001B  c_w.l(libinit2.o)
    0x08000272   0x00000000   Code   RO         3417    .ARM.Collect$$libinit$$0000001D  c_w.l(libinit2.o)
    0x08000272   0x00000000   Code   RO         3419    .ARM.Collect$$libinit$$0000001F  c_w.l(libinit2.o)
    0x08000272   0x00000000   Code   RO         3421    .ARM.Collect$$libinit$$00000021  c_w.l(libinit2.o)
    0x08000272   0x00000000   Code   RO         3423    .ARM.Collect$$libinit$$00000023  c_w.l(libinit2.o)
    0x08000272   0x00000000   Code   RO         3425    .ARM.Collect$$libinit$$00000025  c_w.l(libinit2.o)
    0x08000272   0x00000000   Code   RO         3429    .ARM.Collect$$libinit$$0000002C  c_w.l(libinit2.o)
    0x08000272   0x00000000   Code   RO         3431    .ARM.Collect$$libinit$$0000002E  c_w.l(libinit2.o)
    0x08000272   0x00000000   Code   RO         3433    .ARM.Collect$$libinit$$00000030  c_w.l(libinit2.o)
    0x08000272   0x00000000   Code   RO         3435    .ARM.Collect$$libinit$$00000032  c_w.l(libinit2.o)
    0x08000272   0x00000002   Code   RO         3436    .ARM.Collect$$libinit$$00000033  c_w.l(libinit2.o)
    0x08000274   0x00000002   Code   RO         3467    .ARM.Collect$$libshutdown$$00000000  c_w.l(libshutdown.o)
    0x08000276   0x00000000   Code   RO         3493    .ARM.Collect$$libshutdown$$00000002  c_w.l(libshutdown2.o)
    0x08000276   0x00000000   Code   RO         3495    .ARM.Collect$$libshutdown$$00000004  c_w.l(libshutdown2.o)
    0x08000276   0x00000000   Code   RO         3498    .ARM.Collect$$libshutdown$$00000007  c_w.l(libshutdown2.o)
    0x08000276   0x00000000   Code   RO         3501    .ARM.Collect$$libshutdown$$0000000A  c_w.l(libshutdown2.o)
    0x08000276   0x00000000   Code   RO         3503    .ARM.Collect$$libshutdown$$0000000C  c_w.l(libshutdown2.o)
    0x08000276   0x00000000   Code   RO         3506    .ARM.Collect$$libshutdown$$0000000F  c_w.l(libshutdown2.o)
    0x08000276   0x00000002   Code   RO         3507    .ARM.Collect$$libshutdown$$00000010  c_w.l(libshutdown2.o)
    0x08000278   0x00000000   Code   RO         3345    .ARM.Collect$$rtentry$$00000000  c_w.l(__rtentry.o)
    0x08000278   0x00000000   Code   RO         3351    .ARM.Collect$$rtentry$$00000002  c_w.l(__rtentry2.o)
    0x08000278   0x00000006   Code   RO         3363    .ARM.Collect$$rtentry$$00000004  c_w.l(__rtentry4.o)
    0x0800027e   0x00000000   Code   RO         3353    .ARM.Collect$$rtentry$$00000009  c_w.l(__rtentry2.o)
    0x0800027e   0x00000004   Code   RO         3354    .ARM.Collect$$rtentry$$0000000A  c_w.l(__rtentry2.o)
    0x08000282   0x00000000   Code   RO         3356    .ARM.Collect$$rtentry$$0000000C  c_w.l(__rtentry2.o)
    0x08000282   0x00000008   Code   RO         3357    .ARM.Collect$$rtentry$$0000000D  c_w.l(__rtentry2.o)
    0x0800028a   0x00000002   Code   RO         3384    .ARM.Collect$$rtexit$$00000000  c_w.l(rtexit.o)
    0x0800028c   0x00000000   Code   RO         3440    .ARM.Collect$$rtexit$$00000002  c_w.l(rtexit2.o)
    0x0800028c   0x00000004   Code   RO         3441    .ARM.Collect$$rtexit$$00000003  c_w.l(rtexit2.o)
    0x08000290   0x00000006   Code   RO         3442    .ARM.Collect$$rtexit$$00000004  c_w.l(rtexit2.o)
    0x08000296   0x00000002   PAD
    0x08000298   0x00000040   Code   RO            4    .text               startup_stm32f767xx.o
    0x080002d8   0x000000ee   Code   RO         3335    .text               c_w.l(lludivv7m.o)
    0x080003c6   0x00000064   Code   RO         3337    .text               c_w.l(rt_memcpy_w.o)
    0x0800042a   0x0000004e   Code   RO         3339    .text               c_w.l(rt_memclr_w.o)
    0x08000478   0x00000006   Code   RO         3341    .text               c_w.l(heapauxi.o)
    0x0800047e   0x0000004a   Code   RO         3367    .text               c_w.l(sys_stackheap_outer.o)
    0x080004c8   0x00000012   Code   RO         3369    .text               c_w.l(exit.o)
    0x080004da   0x00000002   PAD
    0x080004dc   0x00000008   Code   RO         3381    .text               c_w.l(libspace.o)
    0x080004e4   0x0000000c   Code   RO         3437    .text               c_w.l(sys_exit.o)
    0x080004f0   0x00000002   Code   RO         3456    .text               c_w.l(use_no_semi.o)
    0x080004f2   0x00000000   Code   RO         3458    .text               c_w.l(indicate_semi.o)
    0x080004f2   0x00000002   Code   RO          424    i.BusFault_Handler  stm32f7xx_it.o
    0x080004f4   0x00000002   Code   RO          425    i.DebugMon_Handler  stm32f7xx_it.o
    0x080004f6   0x00000004   Code   RO           13    i.Error_Handler     main.o
    0x080004fa   0x0000006a   Code   RO         2663    i.FMC_SDRAM_Init    stm32f7xx_ll_fmc.o
    0x08000564   0x00000012   Code   RO         2664    i.FMC_SDRAM_ProgramRefreshRate  stm32f7xx_ll_fmc.o
    0x08000576   0x00000026   Code   RO         2665    i.FMC_SDRAM_SendCommand  stm32f7xx_ll_fmc.o
    0x0800059c   0x000000b0   Code   RO         2667    i.FMC_SDRAM_Timing_Init  stm32f7xx_ll_fmc.o
    0x0800064c   0x000000b8   Code   RO          894    i.HAL_DMA2D_ConfigLayer  stm32f7xx_hal_dma2d.o
    0x08000704   0x00000070   Code   RO          902    i.HAL_DMA2D_Init    stm32f7xx_hal_dma2d.o
    0x08000774   0x00000028   Code   RO          209    i.HAL_DMA2D_MspInit  dma2d.o
    0x0800079c   0x00000024   Code   RO         1869    i.HAL_Delay         stm32f7xx_hal.o
    0x080007c0   0x000000b0   Code   RO          252    i.HAL_FMC_MspInit   fmc.o
    0x08000870   0x00000248   Code   RO         1436    i.HAL_GPIO_Init     stm32f7xx_hal_gpio.o
    0x08000ab8   0x00000010   Code   RO         1439    i.HAL_GPIO_TogglePin  stm32f7xx_hal_gpio.o
    0x08000ac8   0x0000000a   Code   RO         1440    i.HAL_GPIO_WritePin  stm32f7xx_hal_gpio.o
    0x08000ad2   0x00000002   PAD
    0x08000ad4   0x0000000c   Code   RO         1879    i.HAL_GetTick       stm32f7xx_hal.o
    0x08000ae0   0x00000010   Code   RO         1885    i.HAL_IncTick       stm32f7xx_hal.o
    0x08000af0   0x00000016   Code   RO         1886    i.HAL_Init          stm32f7xx_hal.o
    0x08000b06   0x00000002   PAD
    0x08000b08   0x00000040   Code   RO         1887    i.HAL_InitTick      stm32f7xx_hal.o
    0x08000b48   0x00000052   Code   RO         2972    i.HAL_LTDC_ConfigLayer  stm32f7xx_hal_ltdc.o
    0x08000b9a   0x00000002   PAD
    0x08000b9c   0x000000f8   Code   RO         2989    i.HAL_LTDC_Init     stm32f7xx_hal_ltdc.o
    0x08000c94   0x00000120   Code   RO          324    i.HAL_LTDC_MspInit  ltdc.o
    0x08000db4   0x00000054   Code   RO         3004    i.HAL_LTDC_SetWindowPosition  stm32f7xx_hal_ltdc.o
    0x08000e08   0x00000054   Code   RO         3006    i.HAL_LTDC_SetWindowSize  stm32f7xx_hal_ltdc.o
    0x08000e5c   0x00000030   Code   RO          499    i.HAL_MspInit       stm32f7xx_hal_msp.o
    0x08000e8c   0x00000040   Code   RO          756    i.HAL_NVIC_SetPriority  stm32f7xx_hal_cortex.o
    0x08000ecc   0x00000024   Code   RO          757    i.HAL_NVIC_SetPriorityGrouping  stm32f7xx_hal_cortex.o
    0x08000ef0   0x0000006c   Code   RO         1776    i.HAL_PWREx_EnableOverDrive  stm32f7xx_hal_pwr_ex.o
    0x08000f5c   0x00000010   Code   RO         1653    i.HAL_PWR_EnableBkUpAccess  stm32f7xx_hal_pwr.o
    0x08000f6c   0x0000053c   Code   RO         1197    i.HAL_RCCEx_PeriphCLKConfig  stm32f7xx_hal_rcc_ex.o
    0x080014a8   0x00000130   Code   RO         1090    i.HAL_RCC_ClockConfig  stm32f7xx_hal_rcc.o
    0x080015d8   0x00000064   Code   RO         1099    i.HAL_RCC_GetSysClockFreq  stm32f7xx_hal_rcc.o
    0x0800163c   0x00000398   Code   RO         1102    i.HAL_RCC_OscConfig  stm32f7xx_hal_rcc.o
    0x080019d4   0x00000042   Code   RO         2804    i.HAL_SDRAM_Init    stm32f7xx_hal_sdram.o
    0x08001a16   0x00000004   Code   RO          254    i.HAL_SDRAM_MspInit  fmc.o
    0x08001a1a   0x0000002e   Code   RO         2807    i.HAL_SDRAM_ProgramRefreshRate  stm32f7xx_hal_sdram.o
    0x08001a48   0x0000003c   Code   RO         2813    i.HAL_SDRAM_SendCommand  stm32f7xx_hal_sdram.o
    0x08001a84   0x00000026   Code   RO          761    i.HAL_SYSTICK_Config  stm32f7xx_hal_cortex.o
    0x08001aaa   0x00000002   Code   RO          426    i.HardFault_Handler  stm32f7xx_it.o
    0x08001aac   0x00000048   Code   RO          524    i.LCD_Clear         lcd.o
    0x08001af4   0x000000f4   Code   RO          528    i.LCD_Display_Dir   lcd.o
    0x08001be8   0x000000f4   Code   RO          533    i.LCD_Fast_DrawPoint  lcd.o
    0x08001cdc   0x00000110   Code   RO          535    i.LCD_Init          lcd.o
    0x08001dec   0x000001b8   Code   RO          542    i.LCD_Scan_Dir      lcd.o
    0x08001fa4   0x00000104   Code   RO          543    i.LCD_SetCursor     lcd.o
    0x080020a8   0x000000e4   Code   RO          545    i.LCD_ShowChar      lcd.o
    0x0800218c   0x00000054   Code   RO          547    i.LCD_ShowString    lcd.o
    0x080021e0   0x00000018   Code   RO          549    i.LCD_WR_DATA       lcd.o
    0x080021f8   0x00000018   Code   RO          550    i.LCD_WR_REG        lcd.o
    0x08002210   0x00000014   Code   RO          552    i.LCD_WriteRAM_Prepare  lcd.o
    0x08002224   0x00000010   Code   RO          553    i.LCD_WriteReg      lcd.o
    0x08002234   0x00000020   Code   RO          325    i.LTDC_Clear        ltdc.o
    0x08002254   0x00000024   Code   RO          327    i.LTDC_Display_Dir  ltdc.o
    0x08002278   0x0000003c   Code   RO          328    i.LTDC_Draw_Point   ltdc.o
    0x080022b4   0x000000b4   Code   RO          329    i.LTDC_Fill         ltdc.o
    0x08002368   0x00000060   Code   RO          554    i.LTDC_Layer_Parameter_Config  lcd.o
    0x080023c8   0x0000000c   Code   RO          332    i.LTDC_Select_Layer  ltdc.o
    0x080023d4   0x000001d0   Code   RO         3008    i.LTDC_SetConfig    stm32f7xx_hal_ltdc.o
    0x080025a4   0x0000013c   Code   RO           14    i.LTDC_Test         main.o
    0x080026e0   0x00000048   Code   RO          210    i.MX_DMA2D_Init     dma2d.o
    0x08002728   0x0000006c   Code   RO          255    i.MX_FMC_Init       fmc.o
    0x08002794   0x000000c8   Code   RO          184    i.MX_GPIO_Init      gpio.o
    0x0800285c   0x000000e4   Code   RO          334    i.MX_LTDC_Init      ltdc.o
    0x08002940   0x00000002   Code   RO          427    i.MemManage_Handler  stm32f7xx_it.o
    0x08002942   0x00000002   Code   RO          428    i.NMI_Handler       stm32f7xx_it.o
    0x08002944   0x00000002   Code   RO          429    i.PendSV_Handler    stm32f7xx_it.o
    0x08002946   0x00000002   PAD
    0x08002948   0x0000004c   Code   RO          256    i.SDRAM_Initialization_Sequence  fmc.o
    0x08002994   0x00000038   Code   RO          257    i.SDRAM_Send_Cmd    fmc.o
    0x080029cc   0x00000002   Code   RO          430    i.SVC_Handler       stm32f7xx_it.o
    0x080029ce   0x00000004   Code   RO          431    i.SysTick_Handler   stm32f7xx_it.o
    0x080029d2   0x00000002   PAD
    0x080029d4   0x000000a4   Code   RO           15    i.SystemClock_Config  main.o
    0x08002a78   0x00000010   Code   RO         3299    i.SystemInit        system_stm32f7xx.o
    0x08002a88   0x00000002   Code   RO          432    i.UsageFault_Handler  stm32f7xx_it.o
    0x08002a8a   0x00000022   Code   RO          763    i.__NVIC_SetPriority  stm32f7xx_hal_cortex.o
    0x08002aac   0x00000038   Code   RO           16    i.main              main.o
    0x08002ae4   0x0000000a   Code   RO         3452    x$fpl$fpinit        fz_wv.l(fpinit.o)
    0x08002aee   0x00004740   Data   RO          558    .constdata          lcd.o
    0x0800722e   0x00000010   Data   RO         3300    .constdata          system_stm32f7xx.o
    0x0800723e   0x00000002   PAD
    0x08007240   0x00000020   Data   RO         3508    Region$$Table       anon$$obj.o


    Execution Region RW_IRAM1 (Base: 0x20000000, Size: 0x00000898, Max: 0x00080000, ABSOLUTE)

    Base Addr    Size         Type   Attr      Idx    E Section Name        Object

    0x20000000   0x00000004   Data   RW           17    .data               main.o
    0x20000004   0x00000008   Data   RW          259    .data               fmc.o
    0x2000000c   0x00000008   Data   RW          336    .data               ltdc.o
    0x20000014   0x00000008   Data   RW          559    .data               lcd.o
    0x2000001c   0x0000000c   Data   RW         1893    .data               stm32f7xx_hal.o
    0x20000028   0x00000004   Data   RW         3302    .data               system_stm32f7xx.o
    0x2000002c   0x00000058   Zero   RW          211    .bss                dma2d.o
    0x20000084   0x00000034   Zero   RW          258    .bss                fmc.o
    0x200000b8   0x00000170   Zero   RW          335    .bss                ltdc.o
    0x20000228   0x0000000e   Zero   RW          557    .bss                lcd.o
    0x20000236   0x00000002   PAD
    0x20000238   0x00000060   Zero   RW         3382    .bss                c_w.l(libspace.o)
    0x20000298   0x00000200   Zero   RW            2    HEAP                startup_stm32f767xx.o
    0x20000498   0x00000400   Zero   RW            1    STACK               startup_stm32f767xx.o



  Load Region LR$$.ARM.__AT_0xC0000000 (Base: 0xc0000000, Size: 0x00000000, Max: 0x001f4000, ABSOLUTE)

    Execution Region ER$$.ARM.__AT_0xC0000000 (Base: 0xc0000000, Size: 0x001f4000, Max: 0x001f4000, ABSOLUTE, UNINIT)

    Base Addr    Size         Type   Attr      Idx    E Section Name        Object

    0xc0000000   0x001f4000   Zero   RW          556    .ARM.__AT_0xC0000000  lcd.o


==============================================================================

Image component sizes


      Code (inc. data)   RO Data    RW Data    ZI Data      Debug   Object Name

       112         20          0          0         88       1589   dma2d.o
       420         48          0          8         52       3589   fmc.o
       200         10          0          0          0       1075   gpio.o
      2024        154      18240          8    2048014      12518   lcd.o
       836         72          0          8        368       7117   ltdc.o
       540        106          0          4          0     852737   main.o
        64         26        504          0       1536        844   startup_stm32f767xx.o
       150         24          0         12          0       9197   stm32f7xx_hal.o
       172         12          0          0          0      38306   stm32f7xx_hal_cortex.o
       296          6          0          0          0       2185   stm32f7xx_hal_dma2d.o
       610         54          0          0          0       2909   stm32f7xx_hal_gpio.o
       962          6          0          0          0       4893   stm32f7xx_hal_ltdc.o
        48          6          0          0          0        850   stm32f7xx_hal_msp.o
        16          4          0          0          0        547   stm32f7xx_hal_pwr.o
       108          8          0          0          0       1268   stm32f7xx_hal_pwr_ex.o
      1324         46          0          0          0       4002   stm32f7xx_hal_rcc.o
      1340         22          0          0          0       2328   stm32f7xx_hal_rcc_ex.o
       172          0          0          0          0       2848   stm32f7xx_hal_sdram.o
        20          0          0          0          0       4178   stm32f7xx_it.o
       338         12          0          0          0       4228   stm32f7xx_ll_fmc.o
        16          4         16          4          0       1127   system_stm32f7xx.o

    ----------------------------------------------------------------------
      9778        640      18794         44    2050060     958335   Object Totals
         0          0         32          0          0          0   (incl. Generated)
        10          0          2          0          2          0   (incl. Padding)

    ----------------------------------------------------------------------

      Code (inc. data)   RO Data    RW Data    ZI Data      Debug   Library Member Name

         8          0          0          0          0         68   __main.o
         0          0          0          0          0          0   __rtentry.o
        12          0          0          0          0          0   __rtentry2.o
         6          0          0          0          0          0   __rtentry4.o
        52          8          0          0          0          0   __scatter.o
        26          0          0          0          0          0   __scatter_copy.o
        28          0          0          0          0          0   __scatter_zi.o
        18          0          0          0          0         80   exit.o
         6          0          0          0          0        152   heapauxi.o
         0          0          0          0          0          0   indicate_semi.o
         2          0          0          0          0          0   libinit.o
         6          0          0          0          0          0   libinit2.o
         2          0          0          0          0          0   libshutdown.o
         2          0          0          0          0          0   libshutdown2.o
         8          4          0          0         96         68   libspace.o
       238          0          0          0          0        100   lludivv7m.o
        78          0          0          0          0         80   rt_memclr_w.o
       100          0          0          0          0         80   rt_memcpy_w.o
         2          0          0          0          0          0   rtexit.o
        10          0          0          0          0          0   rtexit2.o
        12          4          0          0          0         68   sys_exit.o
        74          0          0          0          0         80   sys_stackheap_outer.o
         2          0          0          0          0         68   use_no_semi.o
        10          0          0          0          0        116   fpinit.o

    ----------------------------------------------------------------------
       708         16          0          0         96        960   Library Totals
         6          0          0          0          0          0   (incl. Padding)

    ----------------------------------------------------------------------

      Code (inc. data)   RO Data    RW Data    ZI Data      Debug   Library Name

       692         16          0          0         96        844   c_w.l
        10          0          0          0          0        116   fz_wv.l

    ----------------------------------------------------------------------
       708         16          0          0         96        960   Library Totals

    ----------------------------------------------------------------------

==============================================================================


      Code (inc. data)   RO Data    RW Data    ZI Data      Debug   

     10486        656      18794         44    2050156     952183   Grand Totals
     10486        656      18794         44    2050156     952183   ELF Image Totals
     10486        656      18794         44          0          0   ROM Totals

==============================================================================

    Total RO  Size (Code + RO Data)                29280 (  28.59kB)
    Total RW  Size (RW Data + ZI Data)           2050200 (2002.15kB)
    Total ROM Size (Code + RO Data + RW Data)      29324 (  28.64kB)

==============================================================================

